5.34.27.65 - - [31/Oct/2024:13:52:52 +0500] "GET / HTTP/1.0" 200 1537 "-" "Mozilla/5.0 (Windows NT 10.0; Win64; x64) AppleWebKit/537.36 (KHTML, like Gecko) Chrome/130.0.0.0 Safari/537.36"
5.34.27.65 - - [31/Oct/2024:13:52:54 +0500] "GET /favicon.ico HTTP/1.0" 404 1062 "http://bcckz.ru/" "Mozilla/5.0 (Windows NT 10.0; Win64; x64) AppleWebKit/537.36 (KHTML, like Gecko) Chrome/130.0.0.0 Safari/537.36"
5.34.27.65 - - [31/Oct/2024:13:53:23 +0500] "GET / HTTP/1.0" 302 186 "-" "Mozilla/5.0 (Linux; Android 13; Pixel 7) AppleWebKit/537.36 (KHTML, like Gecko) Chrome/116.0.0.0 Mobile Safari/537.36"
5.34.27.65 - - [31/Oct/2024:13:53:23 +0500] "GET /login.php HTTP/1.0" 200 2101 "-" "Mozilla/5.0 (Linux; Android 13; Pixel 7) AppleWebKit/537.36 (KHTML, like Gecko) Chrome/116.0.0.0 Mobile Safari/537.36"
5.34.27.65 - - [31/Oct/2024:13:53:24 +0500] "GET /css/nav.css HTTP/1.0" 200 220 "http://bcckz.ru/login.php" "Mozilla/5.0 (Linux; Android 13; Pixel 7) AppleWebKit/537.36 (KHTML, like Gecko) Chrome/116.0.0.0 Mobile Safari/537.36"
5.34.27.65 - - [31/Oct/2024:13:53:27 +0500] "POST /login_process.php HTTP/1.0" 302 359 "http://bcckz.ru/login.php" "Mozilla/5.0 (Linux; Android 13; Pixel 7) AppleWebKit/537.36 (KHTML, like Gecko) Chrome/116.0.0.0 Mobile Safari/537.36"
5.34.27.65 - - [31/Oct/2024:13:53:27 +0500] "GET /main.php HTTP/1.0" 200 6769 "http://bcckz.ru/login.php" "Mozilla/5.0 (Linux; Android 13; Pixel 7) AppleWebKit/537.36 (KHTML, like Gecko) Chrome/116.0.0.0 Mobile Safari/537.36"
5.34.27.65 - - [31/Oct/2024:13:53:28 +0500] "GET /css/bootstrap.css HTTP/1.0" 200 226 "http://bcckz.ru/main.php" "Mozilla/5.0 (Linux; Android 13; Pixel 7) AppleWebKit/537.36 (KHTML, like Gecko) Chrome/116.0.0.0 Mobile Safari/537.36"
5.34.27.65 - - [31/Oct/2024:13:53:28 +0500] "GET /img/backarrow.svg HTTP/1.0" 200 705 "http://bcckz.ru/main.php" "Mozilla/5.0 (Linux; Android 13; Pixel 7) AppleWebKit/537.36 (KHTML, like Gecko) Chrome/116.0.0.0 Mobile Safari/537.36"
5.34.27.65 - - [31/Oct/2024:13:53:28 +0500] "GET /css/bootstrap-reboot.css HTTP/1.0" 200 233 "http://bcckz.ru/main.php" "Mozilla/5.0 (Linux; Android 13; Pixel 7) AppleWebKit/537.36 (KHTML, like Gecko) Chrome/116.0.0.0 Mobile Safari/537.36"
5.34.27.65 - - [31/Oct/2024:13:53:28 +0500] "GET /css/bootstrap-utilities.css HTTP/1.0" 200 236 "http://bcckz.ru/main.php" "Mozilla/5.0 (Linux; Android 13; Pixel 7) AppleWebKit/537.36 (KHTML, like Gecko) Chrome/116.0.0.0 Mobile Safari/537.36"
5.34.27.65 - - [31/Oct/2024:13:53:28 +0500] "GET /css/custom/main.css HTTP/1.0" 200 228 "http://bcckz.ru/main.php" "Mozilla/5.0 (Linux; Android 13; Pixel 7) AppleWebKit/537.36 (KHTML, like Gecko) Chrome/116.0.0.0 Mobile Safari/537.36"
5.34.27.65 - - [31/Oct/2024:13:53:28 +0500] "GET /css/bootstrap-grid.css HTTP/1.0" 200 231 "http://bcckz.ru/main.php" "Mozilla/5.0 (Linux; Android 13; Pixel 7) AppleWebKit/537.36 (KHTML, like Gecko) Chrome/116.0.0.0 Mobile Safari/537.36"
5.34.27.65 - - [31/Oct/2024:13:53:28 +0500] "GET /img/hide_password_eye_icon.svg HTTP/1.0" 200 1176 "http://bcckz.ru/main.php" "Mozilla/5.0 (Linux; Android 13; Pixel 7) AppleWebKit/537.36 (KHTML, like Gecko) Chrome/116.0.0.0 Mobile Safari/537.36"
5.34.27.65 - - [31/Oct/2024:13:53:28 +0500] "GET /img/money-transfer.png HTTP/1.0" 200 232 "http://bcckz.ru/main.php" "Mozilla/5.0 (Linux; Android 13; Pixel 7) AppleWebKit/537.36 (KHTML, like Gecko) Chrome/116.0.0.0 Mobile Safari/537.36"
5.34.27.65 - - [31/Oct/2024:13:53:28 +0500] "GET /img/user.png HTTP/1.0" 200 222 "http://bcckz.ru/main.php" "Mozilla/5.0 (Linux; Android 13; Pixel 7) AppleWebKit/537.36 (KHTML, like Gecko) Chrome/116.0.0.0 Mobile Safari/537.36"
5.34.27.65 - - [31/Oct/2024:13:53:28 +0500] "GET /img/add-balance.png HTTP/1.0" 200 229 "http://bcckz.ru/main.php" "Mozilla/5.0 (Linux; Android 13; Pixel 7) AppleWebKit/537.36 (KHTML, like Gecko) Chrome/116.0.0.0 Mobile Safari/537.36"
5.34.27.65 - - [31/Oct/2024:13:53:28 +0500] "GET /img/payments.png HTTP/1.0" 200 226 "http://bcckz.ru/main.php" "Mozilla/5.0 (Linux; Android 13; Pixel 7) AppleWebKit/537.36 (KHTML, like Gecko) Chrome/116.0.0.0 Mobile Safari/537.36"
5.34.27.65 - - [31/Oct/2024:13:53:28 +0500] "GET /js/bootstrap.min.js HTTP/1.0" 200 242 "http://bcckz.ru/main.php" "Mozilla/5.0 (Linux; Android 13; Pixel 7) AppleWebKit/537.36 (KHTML, like Gecko) Chrome/116.0.0.0 Mobile Safari/537.36"
5.34.27.65 - - [31/Oct/2024:13:53:28 +0500] "GET /img/home.png HTTP/1.0" 200 222 "http://bcckz.ru/main.php" "Mozilla/5.0 (Linux; Android 13; Pixel 7) AppleWebKit/537.36 (KHTML, like Gecko) Chrome/116.0.0.0 Mobile Safari/537.36"
92.46.70.103 - - [31/Oct/2024:13:53:28 +0500] "GET /login.php HTTP/1.0" 200 2101 "https://www.google.com/" "Mozilla/5.0 (Windows NT 10.0; Win64; x64) AppleWebKit/537.36 (KHTML, like Gecko) Chrome/129.0.0.0 Safari/537.36"
5.34.27.65 - - [31/Oct/2024:13:53:29 +0500] "GET /img/sms.png HTTP/1.0" 200 221 "http://bcckz.ru/main.php" "Mozilla/5.0 (Linux; Android 13; Pixel 7) AppleWebKit/537.36 (KHTML, like Gecko) Chrome/116.0.0.0 Mobile Safari/537.36"
92.46.70.103 - - [31/Oct/2024:13:53:29 +0500] "GET /css/nav.css HTTP/1.0" 200 220 "http://bcckz.ru/login.php" "Mozilla/5.0 (Windows NT 10.0; Win64; x64) AppleWebKit/537.36 (KHTML, like Gecko) Chrome/129.0.0.0 Safari/537.36"
5.34.27.65 - - [31/Oct/2024:13:53:29 +0500] "GET /css/bootstrap.css.map HTTP/1.0" 200 230 "-" "Mozilla/5.0 (Windows NT 10.0; Win64; x64) AppleWebKit/537.36 (KHTML, like Gecko) Chrome/130.0.0.0 Safari/537.36"
5.34.27.65 - - [31/Oct/2024:13:53:29 +0500] "GET /css/bootstrap-reboot.css.map HTTP/1.0" 200 237 "-" "Mozilla/5.0 (Windows NT 10.0; Win64; x64) AppleWebKit/537.36 (KHTML, like Gecko) Chrome/130.0.0.0 Safari/537.36"
5.34.27.65 - - [31/Oct/2024:13:53:29 +0500] "GET /css/bootstrap-utilities.css.map HTTP/1.0" 200 240 "-" "Mozilla/5.0 (Windows NT 10.0; Win64; x64) AppleWebKit/537.36 (KHTML, like Gecko) Chrome/130.0.0.0 Safari/537.36"
5.34.27.65 - - [31/Oct/2024:13:53:29 +0500] "GET /css/bootstrap-grid.css.map HTTP/1.0" 200 235 "-" "Mozilla/5.0 (Windows NT 10.0; Win64; x64) AppleWebKit/537.36 (KHTML, like Gecko) Chrome/130.0.0.0 Safari/537.36"
5.34.27.65 - - [31/Oct/2024:13:53:29 +0500] "GET /js/bootstrap.min.js.map HTTP/1.0" 200 246 "-" "Mozilla/5.0 (Windows NT 10.0; Win64; x64) AppleWebKit/537.36 (KHTML, like Gecko) Chrome/130.0.0.0 Safari/537.36"
5.34.27.65 - - [31/Oct/2024:13:54:40 +0500] "GET /main.php HTTP/1.0" 200 6769 "http://bcckz.ru/login.php" "Mozilla/5.0 (Linux; Android 13; Pixel 7) AppleWebKit/537.36 (KHTML, like Gecko) Chrome/116.0.0.0 Mobile Safari/537.36"
79.133.185.122 - - [31/Oct/2024:14:13:44 +0500] "GET /main.php HTTP/1.0" 302 360 "-" "Mozilla/5.0 (Linux; Android 14; SM-A235F Build/UP1A.231005.007; wv) AppleWebKit/537.36 (KHTML, like Gecko) Version/4.0 Chrome/130.0.6723.58 Mobile Safari/537.36 median"
79.133.185.122 - - [31/Oct/2024:14:13:45 +0500] "GET /login.php HTTP/1.0" 200 2101 "-" "Mozilla/5.0 (Linux; Android 14; SM-A235F Build/UP1A.231005.007; wv) AppleWebKit/537.36 (KHTML, like Gecko) Version/4.0 Chrome/130.0.6723.58 Mobile Safari/537.36 median"
79.133.185.122 - - [31/Oct/2024:14:13:45 +0500] "GET /css/nav.css HTTP/1.0" 200 220 "http://bcckz.ru/login.php" "Mozilla/5.0 (Linux; Android 14; SM-A235F Build/UP1A.231005.007; wv) AppleWebKit/537.36 (KHTML, like Gecko) Version/4.0 Chrome/130.0.6723.58 Mobile Safari/537.36 median"
79.133.185.122 - - [31/Oct/2024:14:13:45 +0500] "GET /favicon.ico HTTP/1.0" 404 1062 "http://bcckz.ru/login.php" "Mozilla/5.0 (Linux; Android 14; SM-A235F Build/UP1A.231005.007; wv) AppleWebKit/537.36 (KHTML, like Gecko) Version/4.0 Chrome/130.0.6723.58 Mobile Safari/537.36 median"
79.133.185.122 - - [31/Oct/2024:14:13:48 +0500] "GET /register.php HTTP/1.0" 200 3169 "http://bcckz.ru/login.php" "Mozilla/5.0 (Linux; Android 14; SM-A235F Build/UP1A.231005.007; wv) AppleWebKit/537.36 (KHTML, like Gecko) Version/4.0 Chrome/130.0.6723.58 Mobile Safari/537.36 median"
79.133.185.122 - - [31/Oct/2024:14:13:48 +0500] "GET /img/backarrow.svg HTTP/1.0" 200 705 "http://bcckz.ru/register.php" "Mozilla/5.0 (Linux; Android 14; SM-A235F Build/UP1A.231005.007; wv) AppleWebKit/537.36 (KHTML, like Gecko) Version/4.0 Chrome/130.0.6723.58 Mobile Safari/537.36 median"
79.133.185.122 - - [31/Oct/2024:14:14:07 +0500] "POST /register_process.php HTTP/1.0" 200 948 "http://bcckz.ru/register.php" "Mozilla/5.0 (Linux; Android 14; SM-A235F Build/UP1A.231005.007; wv) AppleWebKit/537.36 (KHTML, like Gecko) Version/4.0 Chrome/130.0.6723.58 Mobile Safari/537.36 median"
79.133.185.122 - - [31/Oct/2024:14:14:09 +0500] "GET /login.php HTTP/1.0" 200 2101 "http://bcckz.ru/register_process.php" "Mozilla/5.0 (Linux; Android 14; SM-A235F Build/UP1A.231005.007; wv) AppleWebKit/537.36 (KHTML, like Gecko) Version/4.0 Chrome/130.0.6723.58 Mobile Safari/537.36 median"
79.133.185.178 - - [31/Oct/2024:14:14:13 +0500] "GET /main.php HTTP/1.0" 302 360 "-" "Mozilla/5.0 (Linux; Android 11; SM-A705FN Build/RP1A.200720.012; wv) AppleWebKit/537.36 (KHTML, like Gecko) Version/4.0 Chrome/130.0.6723.60 Mobile Safari/537.36 median"
79.133.185.178 - - [31/Oct/2024:14:14:13 +0500] "GET /login.php HTTP/1.0" 200 2101 "-" "Mozilla/5.0 (Linux; Android 11; SM-A705FN Build/RP1A.200720.012; wv) AppleWebKit/537.36 (KHTML, like Gecko) Version/4.0 Chrome/130.0.6723.60 Mobile Safari/537.36 median"
79.133.185.178 - - [31/Oct/2024:14:14:13 +0500] "GET /css/nav.css HTTP/1.0" 200 220 "http://bcckz.ru/login.php" "Mozilla/5.0 (Linux; Android 11; SM-A705FN Build/RP1A.200720.012; wv) AppleWebKit/537.36 (KHTML, like Gecko) Version/4.0 Chrome/130.0.6723.60 Mobile Safari/537.36 median"
79.133.185.178 - - [31/Oct/2024:14:14:14 +0500] "GET /favicon.ico HTTP/1.0" 404 1062 "http://bcckz.ru/login.php" "Mozilla/5.0 (Linux; Android 11; SM-A705FN Build/RP1A.200720.012; wv) AppleWebKit/537.36 (KHTML, like Gecko) Version/4.0 Chrome/130.0.6723.60 Mobile Safari/537.36 median"
79.133.185.122 - - [31/Oct/2024:14:14:30 +0500] "POST /login_process.php HTTP/1.0" 302 580 "http://bcckz.ru/login.php" "Mozilla/5.0 (Linux; Android 14; SM-A235F Build/UP1A.231005.007; wv) AppleWebKit/537.36 (KHTML, like Gecko) Version/4.0 Chrome/130.0.6723.58 Mobile Safari/537.36 median"
79.133.185.122 - - [31/Oct/2024:14:14:30 +0500] "GET /login.php?error=%D0%9F%D0%BE%D0%BB%D1%8C%D0%B7%D0%BE%D0%B2%D0%B0%D1%82%D0%B5%D0%BB%D1%8C+%D1%81+%D1%83%D0%BA%D0%B0%D0%B7%D0%B0%D0%BD%D0%BD%D1%8B%D0%BC+%D0%BD%D0%BE%D0%BC%D0%B5%D1%80%D0%BE%D0%BC+%D1%82%D0%B5%D0%BB%D0%B5%D1%84%D0%BE%D0%BD%D0%B0+%D0%BD%D0%B5+%D0%BD%D0%B0%D0%B9%D0%B4%D0%B5%D0%BD. HTTP/1.0" 200 2101 "http://bcckz.ru/login.php" "Mozilla/5.0 (Linux; Android 14; SM-A235F Build/UP1A.231005.007; wv) AppleWebKit/537.36 (KHTML, like Gecko) Version/4.0 Chrome/130.0.6723.58 Mobile Safari/537.36 median"
79.133.185.178 - - [31/Oct/2024:14:14:40 +0500] "POST /login_process.php HTTP/1.0" 302 580 "http://bcckz.ru/login.php" "Mozilla/5.0 (Linux; Android 11; SM-A705FN Build/RP1A.200720.012; wv) AppleWebKit/537.36 (KHTML, like Gecko) Version/4.0 Chrome/130.0.6723.60 Mobile Safari/537.36 median"
79.133.185.178 - - [31/Oct/2024:14:14:40 +0500] "GET /login.php?error=%D0%9F%D0%BE%D0%BB%D1%8C%D0%B7%D0%BE%D0%B2%D0%B0%D1%82%D0%B5%D0%BB%D1%8C+%D1%81+%D1%83%D0%BA%D0%B0%D0%B7%D0%B0%D0%BD%D0%BD%D1%8B%D0%BC+%D0%BD%D0%BE%D0%BC%D0%B5%D1%80%D0%BE%D0%BC+%D1%82%D0%B5%D0%BB%D0%B5%D1%84%D0%BE%D0%BD%D0%B0+%D0%BD%D0%B5+%D0%BD%D0%B0%D0%B9%D0%B4%D0%B5%D0%BD. HTTP/1.0" 200 2101 "http://bcckz.ru/login.php" "Mozilla/5.0 (Linux; Android 11; SM-A705FN Build/RP1A.200720.012; wv) AppleWebKit/537.36 (KHTML, like Gecko) Version/4.0 Chrome/130.0.6723.60 Mobile Safari/537.36 median"
79.133.185.178 - - [31/Oct/2024:14:14:43 +0500] "GET /register.php HTTP/1.0" 200 3169 "http://bcckz.ru/login.php?error=%D0%9F%D0%BE%D0%BB%D1%8C%D0%B7%D0%BE%D0%B2%D0%B0%D1%82%D0%B5%D0%BB%D1%8C+%D1%81+%D1%83%D0%BA%D0%B0%D0%B7%D0%B0%D0%BD%D0%BD%D1%8B%D0%BC+%D0%BD%D0%BE%D0%BC%D0%B5%D1%80%D0%BE%D0%BC+%D1%82%D0%B5%D0%BB%D0%B5%D1%84%D0%BE%D0%BD%D0%B0+%D0%BD%D0%B5+%D0%BD%D0%B0%D0%B9%D0%B4%D0%B5%D0%BD." "Mozilla/5.0 (Linux; Android 11; SM-A705FN Build/RP1A.200720.012; wv) AppleWebKit/537.36 (KHTML, like Gecko) Version/4.0 Chrome/130.0.6723.60 Mobile Safari/537.36 median"
79.133.185.178 - - [31/Oct/2024:14:14:43 +0500] "GET /img/backarrow.svg HTTP/1.0" 200 705 "http://bcckz.ru/register.php" "Mozilla/5.0 (Linux; Android 11; SM-A705FN Build/RP1A.200720.012; wv) AppleWebKit/537.36 (KHTML, like Gecko) Version/4.0 Chrome/130.0.6723.60 Mobile Safari/537.36 median"
79.133.185.122 - - [31/Oct/2024:14:14:46 +0500] "POST /login_process.php HTTP/1.0" 302 580 "http://bcckz.ru/login.php?error=%D0%9F%D0%BE%D0%BB%D1%8C%D0%B7%D0%BE%D0%B2%D0%B0%D1%82%D0%B5%D0%BB%D1%8C+%D1%81+%D1%83%D0%BA%D0%B0%D0%B7%D0%B0%D0%BD%D0%BD%D1%8B%D0%BC+%D0%BD%D0%BE%D0%BC%D0%B5%D1%80%D0%BE%D0%BC+%D1%82%D0%B5%D0%BB%D0%B5%D1%84%D0%BE%D0%BD%D0%B0+%D0%BD%D0%B5+%D0%BD%D0%B0%D0%B9%D0%B4%D0%B5%D0%BD." "Mozilla/5.0 (Linux; Android 14; SM-A235F Build/UP1A.231005.007; wv) AppleWebKit/537.36 (KHTML, like Gecko) Version/4.0 Chrome/130.0.6723.58 Mobile Safari/537.36 median"
79.133.185.122 - - [31/Oct/2024:14:14:46 +0500] "GET /login.php?error=%D0%9F%D0%BE%D0%BB%D1%8C%D0%B7%D0%BE%D0%B2%D0%B0%D1%82%D0%B5%D0%BB%D1%8C+%D1%81+%D1%83%D0%BA%D0%B0%D0%B7%D0%B0%D0%BD%D0%BD%D1%8B%D0%BC+%D0%BD%D0%BE%D0%BC%D0%B5%D1%80%D0%BE%D0%BC+%D1%82%D0%B5%D0%BB%D0%B5%D1%84%D0%BE%D0%BD%D0%B0+%D0%BD%D0%B5+%D0%BD%D0%B0%D0%B9%D0%B4%D0%B5%D0%BD. HTTP/1.0" 200 2101 "http://bcckz.ru/login.php?error=%D0%9F%D0%BE%D0%BB%D1%8C%D0%B7%D0%BE%D0%B2%D0%B0%D1%82%D0%B5%D0%BB%D1%8C+%D1%81+%D1%83%D0%BA%D0%B0%D0%B7%D0%B0%D0%BD%D0%BD%D1%8B%D0%BC+%D0%BD%D0%BE%D0%BC%D0%B5%D1%80%D0%BE%D0%BC+%D1%82%D0%B5%D0%BB%D0%B5%D1%84%D0%BE%D0%BD%D0%B0+%D0%BD%D0%B5+%D0%BD%D0%B0%D0%B9%D0%B4%D0%B5%D0%BD." "Mozilla/5.0 (Linux; Android 14; SM-A235F Build/UP1A.231005.007; wv) AppleWebKit/537.36 (KHTML, like Gecko) Version/4.0 Chrome/130.0.6723.58 Mobile Safari/537.36 median"
45.148.169.254 - - [31/Oct/2024:14:14:50 +0500] "GET /main.php HTTP/1.0" 302 360 "-" "Mozilla/5.0 (iPhone; CPU iPhone OS 17_2 like Mac OS X) AppleWebKit/605.1.15 (KHTML, like Gecko) Mobile/15E148 median"
45.148.169.254 - - [31/Oct/2024:14:14:50 +0500] "GET /login.php HTTP/1.0" 200 2101 "-" "Mozilla/5.0 (iPhone; CPU iPhone OS 17_2 like Mac OS X) AppleWebKit/605.1.15 (KHTML, like Gecko) Mobile/15E148 median"
45.148.169.254 - - [31/Oct/2024:14:14:50 +0500] "GET /css/nav.css HTTP/1.0" 200 220 "http://bcckz.ru/login.php" "Mozilla/5.0 (iPhone; CPU iPhone OS 17_2 like Mac OS X) AppleWebKit/605.1.15 (KHTML, like Gecko) Mobile/15E148 median"
79.133.185.178 - - [31/Oct/2024:14:15:00 +0500] "POST /register_process.php HTTP/1.0" 200 948 "http://bcckz.ru/register.php" "Mozilla/5.0 (Linux; Android 11; SM-A705FN Build/RP1A.200720.012; wv) AppleWebKit/537.36 (KHTML, like Gecko) Version/4.0 Chrome/130.0.6723.60 Mobile Safari/537.36 median"
79.133.185.178 - - [31/Oct/2024:14:15:03 +0500] "GET /login.php HTTP/1.0" 200 2101 "http://bcckz.ru/register_process.php" "Mozilla/5.0 (Linux; Android 11; SM-A705FN Build/RP1A.200720.012; wv) AppleWebKit/537.36 (KHTML, like Gecko) Version/4.0 Chrome/130.0.6723.60 Mobile Safari/537.36 median"
79.133.185.178 - - [31/Oct/2024:14:15:11 +0500] "POST /login_process.php HTTP/1.0" 302 295 "http://bcckz.ru/login.php" "Mozilla/5.0 (Linux; Android 11; SM-A705FN Build/RP1A.200720.012; wv) AppleWebKit/537.36 (KHTML, like Gecko) Version/4.0 Chrome/130.0.6723.60 Mobile Safari/537.36 median"
79.133.185.178 - - [31/Oct/2024:14:15:11 +0500] "GET /main.php HTTP/1.0" 200 6760 "http://bcckz.ru/login.php" "Mozilla/5.0 (Linux; Android 11; SM-A705FN Build/RP1A.200720.012; wv) AppleWebKit/537.36 (KHTML, like Gecko) Version/4.0 Chrome/130.0.6723.60 Mobile Safari/537.36 median"
79.133.185.178 - - [31/Oct/2024:14:15:11 +0500] "GET /css/bootstrap.css HTTP/1.0" 200 226 "http://bcckz.ru/main.php" "Mozilla/5.0 (Linux; Android 11; SM-A705FN Build/RP1A.200720.012; wv) AppleWebKit/537.36 (KHTML, like Gecko) Version/4.0 Chrome/130.0.6723.60 Mobile Safari/537.36 median"
79.133.185.178 - - [31/Oct/2024:14:15:11 +0500] "GET /css/bootstrap-grid.css HTTP/1.0" 200 231 "http://bcckz.ru/main.php" "Mozilla/5.0 (Linux; Android 11; SM-A705FN Build/RP1A.200720.012; wv) AppleWebKit/537.36 (KHTML, like Gecko) Version/4.0 Chrome/130.0.6723.60 Mobile Safari/537.36 median"
79.133.185.178 - - [31/Oct/2024:14:15:11 +0500] "GET /css/bootstrap-reboot.css HTTP/1.0" 200 233 "http://bcckz.ru/main.php" "Mozilla/5.0 (Linux; Android 11; SM-A705FN Build/RP1A.200720.012; wv) AppleWebKit/537.36 (KHTML, like Gecko) Version/4.0 Chrome/130.0.6723.60 Mobile Safari/537.36 median"
79.133.185.178 - - [31/Oct/2024:14:15:11 +0500] "GET /css/bootstrap-utilities.css HTTP/1.0" 200 236 "http://bcckz.ru/main.php" "Mozilla/5.0 (Linux; Android 11; SM-A705FN Build/RP1A.200720.012; wv) AppleWebKit/537.36 (KHTML, like Gecko) Version/4.0 Chrome/130.0.6723.60 Mobile Safari/537.36 median"
79.133.185.178 - - [31/Oct/2024:14:15:11 +0500] "GET /css/custom/main.css HTTP/1.0" 200 228 "http://bcckz.ru/main.php" "Mozilla/5.0 (Linux; Android 11; SM-A705FN Build/RP1A.200720.012; wv) AppleWebKit/537.36 (KHTML, like Gecko) Version/4.0 Chrome/130.0.6723.60 Mobile Safari/537.36 median"
79.133.185.178 - - [31/Oct/2024:14:15:11 +0500] "GET /img/hide_password_eye_icon.svg HTTP/1.0" 200 1176 "http://bcckz.ru/main.php" "Mozilla/5.0 (Linux; Android 11; SM-A705FN Build/RP1A.200720.012; wv) AppleWebKit/537.36 (KHTML, like Gecko) Version/4.0 Chrome/130.0.6723.60 Mobile Safari/537.36 median"
79.133.185.178 - - [31/Oct/2024:14:15:11 +0500] "GET /img/payments.png HTTP/1.0" 200 226 "http://bcckz.ru/main.php" "Mozilla/5.0 (Linux; Android 11; SM-A705FN Build/RP1A.200720.012; wv) AppleWebKit/537.36 (KHTML, like Gecko) Version/4.0 Chrome/130.0.6723.60 Mobile Safari/537.36 median"
79.133.185.178 - - [31/Oct/2024:14:15:11 +0500] "GET /img/money-transfer.png HTTP/1.0" 200 232 "http://bcckz.ru/main.php" "Mozilla/5.0 (Linux; Android 11; SM-A705FN Build/RP1A.200720.012; wv) AppleWebKit/537.36 (KHTML, like Gecko) Version/4.0 Chrome/130.0.6723.60 Mobile Safari/537.36 median"
79.133.185.178 - - [31/Oct/2024:14:15:11 +0500] "GET /img/add-balance.png HTTP/1.0" 200 229 "http://bcckz.ru/main.php" "Mozilla/5.0 (Linux; Android 11; SM-A705FN Build/RP1A.200720.012; wv) AppleWebKit/537.36 (KHTML, like Gecko) Version/4.0 Chrome/130.0.6723.60 Mobile Safari/537.36 median"
79.133.185.178 - - [31/Oct/2024:14:15:11 +0500] "GET /js/bootstrap.min.js HTTP/1.0" 200 242 "http://bcckz.ru/main.php" "Mozilla/5.0 (Linux; Android 11; SM-A705FN Build/RP1A.200720.012; wv) AppleWebKit/537.36 (KHTML, like Gecko) Version/4.0 Chrome/130.0.6723.60 Mobile Safari/537.36 median"
79.133.185.178 - - [31/Oct/2024:14:15:11 +0500] "GET /img/home.png HTTP/1.0" 200 222 "http://bcckz.ru/main.php" "Mozilla/5.0 (Linux; Android 11; SM-A705FN Build/RP1A.200720.012; wv) AppleWebKit/537.36 (KHTML, like Gecko) Version/4.0 Chrome/130.0.6723.60 Mobile Safari/537.36 median"
79.133.185.178 - - [31/Oct/2024:14:15:11 +0500] "GET /img/user.png HTTP/1.0" 200 222 "http://bcckz.ru/main.php" "Mozilla/5.0 (Linux; Android 11; SM-A705FN Build/RP1A.200720.012; wv) AppleWebKit/537.36 (KHTML, like Gecko) Version/4.0 Chrome/130.0.6723.60 Mobile Safari/537.36 median"
79.133.185.178 - - [31/Oct/2024:14:15:11 +0500] "GET /img/sms.png HTTP/1.0" 200 221 "http://bcckz.ru/main.php" "Mozilla/5.0 (Linux; Android 11; SM-A705FN Build/RP1A.200720.012; wv) AppleWebKit/537.36 (KHTML, like Gecko) Version/4.0 Chrome/130.0.6723.60 Mobile Safari/537.36 median"
79.133.185.178 - - [31/Oct/2024:14:15:20 +0500] "GET /main.php HTTP/1.0" 200 6760 "http://bcckz.ru/main.php" "Mozilla/5.0 (Linux; Android 11; SM-A705FN Build/RP1A.200720.012; wv) AppleWebKit/537.36 (KHTML, like Gecko) Version/4.0 Chrome/130.0.6723.60 Mobile Safari/537.36 median"
79.133.185.178 - - [31/Oct/2024:14:15:36 +0500] "GET /prof.php HTTP/1.0" 200 3883 "http://bcckz.ru/main.php" "Mozilla/5.0 (Linux; Android 11; SM-A705FN Build/RP1A.200720.012; wv) AppleWebKit/537.36 (KHTML, like Gecko) Version/4.0 Chrome/130.0.6723.60 Mobile Safari/537.36 median"
79.133.185.178 - - [31/Oct/2024:14:15:39 +0500] "GET /main.php HTTP/1.0" 200 6760 "http://bcckz.ru/main.php" "Mozilla/5.0 (Linux; Android 11; SM-A705FN Build/RP1A.200720.012; wv) AppleWebKit/537.36 (KHTML, like Gecko) Version/4.0 Chrome/130.0.6723.60 Mobile Safari/537.36 median"
79.133.185.178 - - [31/Oct/2024:14:15:41 +0500] "GET /credits.php HTTP/1.0" 200 5536 "http://bcckz.ru/main.php" "Mozilla/5.0 (Linux; Android 11; SM-A705FN Build/RP1A.200720.012; wv) AppleWebKit/537.36 (KHTML, like Gecko) Version/4.0 Chrome/130.0.6723.60 Mobile Safari/537.36 median"
79.133.185.178 - - [31/Oct/2024:14:15:41 +0500] "GET /css/custom/credits.css HTTP/1.0" 200 231 "http://bcckz.ru/credits.php" "Mozilla/5.0 (Linux; Android 11; SM-A705FN Build/RP1A.200720.012; wv) AppleWebKit/537.36 (KHTML, like Gecko) Version/4.0 Chrome/130.0.6723.60 Mobile Safari/537.36 median"
79.133.185.178 - - [31/Oct/2024:14:15:47 +0500] "GET /main.php HTTP/1.0" 200 6760 "http://bcckz.ru/main.php" "Mozilla/5.0 (Linux; Android 11; SM-A705FN Build/RP1A.200720.012; wv) AppleWebKit/537.36 (KHTML, like Gecko) Version/4.0 Chrome/130.0.6723.60 Mobile Safari/537.36 median"
79.133.185.178 - - [31/Oct/2024:14:15:48 +0500] "GET /transfer.php HTTP/1.0" 200 17537 "http://bcckz.ru/main.php" "Mozilla/5.0 (Linux; Android 11; SM-A705FN Build/RP1A.200720.012; wv) AppleWebKit/537.36 (KHTML, like Gecko) Version/4.0 Chrome/130.0.6723.60 Mobile Safari/537.36 median"
79.133.185.178 - - [31/Oct/2024:14:15:49 +0500] "GET /css/custom/transfer.css HTTP/1.0" 200 232 "http://bcckz.ru/transfer.php" "Mozilla/5.0 (Linux; Android 11; SM-A705FN Build/RP1A.200720.012; wv) AppleWebKit/537.36 (KHTML, like Gecko) Version/4.0 Chrome/130.0.6723.60 Mobile Safari/537.36 median"
79.133.185.178 - - [31/Oct/2024:14:15:50 +0500] "GET /main.php HTTP/1.0" 200 6760 "http://bcckz.ru/main.php" "Mozilla/5.0 (Linux; Android 11; SM-A705FN Build/RP1A.200720.012; wv) AppleWebKit/537.36 (KHTML, like Gecko) Version/4.0 Chrome/130.0.6723.60 Mobile Safari/537.36 median"
79.133.185.178 - - [31/Oct/2024:14:15:52 +0500] "GET /add_balance.php HTTP/1.0" 200 4732 "http://bcckz.ru/main.php" "Mozilla/5.0 (Linux; Android 11; SM-A705FN Build/RP1A.200720.012; wv) AppleWebKit/537.36 (KHTML, like Gecko) Version/4.0 Chrome/130.0.6723.60 Mobile Safari/537.36 median"
79.133.185.178 - - [31/Oct/2024:14:15:53 +0500] "GET /main.php HTTP/1.0" 200 6760 "http://bcckz.ru/main.php" "Mozilla/5.0 (Linux; Android 11; SM-A705FN Build/RP1A.200720.012; wv) AppleWebKit/537.36 (KHTML, like Gecko) Version/4.0 Chrome/130.0.6723.60 Mobile Safari/537.36 median"
79.133.185.178 - - [31/Oct/2024:14:16:15 +0500] "POST /login_process.php HTTP/1.0" 302 295 "http://bcckz.ru/login.php" "Mozilla/5.0 (Linux; Android 11; SM-A705FN Build/RP1A.200720.012; wv) AppleWebKit/537.36 (KHTML, like Gecko) Version/4.0 Chrome/130.0.6723.60 Mobile Safari/537.36 median"
79.133.185.178 - - [31/Oct/2024:14:16:15 +0500] "GET /main.php HTTP/1.0" 200 6760 "http://bcckz.ru/login.php" "Mozilla/5.0 (Linux; Android 11; SM-A705FN Build/RP1A.200720.012; wv) AppleWebKit/537.36 (KHTML, like Gecko) Version/4.0 Chrome/130.0.6723.60 Mobile Safari/537.36 median"
79.133.185.178 - - [31/Oct/2024:14:16:16 +0500] "GET /add_balance.php HTTP/1.0" 200 4732 "http://bcckz.ru/main.php" "Mozilla/5.0 (Linux; Android 11; SM-A705FN Build/RP1A.200720.012; wv) AppleWebKit/537.36 (KHTML, like Gecko) Version/4.0 Chrome/130.0.6723.60 Mobile Safari/537.36 median"
79.133.185.178 - - [31/Oct/2024:14:16:18 +0500] "GET /main.php HTTP/1.0" 200 6760 "http://bcckz.ru/login.php" "Mozilla/5.0 (Linux; Android 11; SM-A705FN Build/RP1A.200720.012; wv) AppleWebKit/537.36 (KHTML, like Gecko) Version/4.0 Chrome/130.0.6723.60 Mobile Safari/537.36 median"
79.133.185.178 - - [31/Oct/2024:14:16:20 +0500] "GET /main.php HTTP/1.0" 200 6760 "http://bcckz.ru/main.php" "Mozilla/5.0 (Linux; Android 11; SM-A705FN Build/RP1A.200720.012; wv) AppleWebKit/537.36 (KHTML, like Gecko) Version/4.0 Chrome/130.0.6723.60 Mobile Safari/537.36 median"
79.133.185.178 - - [31/Oct/2024:14:17:17 +0500] "GET /main.php HTTP/1.0" 200 6760 "http://bcckz.ru/main.php" "Mozilla/5.0 (Linux; Android 11; SM-A705FN Build/RP1A.200720.012; wv) AppleWebKit/537.36 (KHTML, like Gecko) Version/4.0 Chrome/130.0.6723.60 Mobile Safari/537.36 median"
79.133.185.178 - - [31/Oct/2024:14:17:19 +0500] "GET /prof.php HTTP/1.0" 200 3883 "http://bcckz.ru/main.php" "Mozilla/5.0 (Linux; Android 11; SM-A705FN Build/RP1A.200720.012; wv) AppleWebKit/537.36 (KHTML, like Gecko) Version/4.0 Chrome/130.0.6723.60 Mobile Safari/537.36 median"
79.133.185.178 - - [31/Oct/2024:14:17:22 +0500] "GET /main.php HTTP/1.0" 200 6760 "http://bcckz.ru/main.php" "Mozilla/5.0 (Linux; Android 11; SM-A705FN Build/RP1A.200720.012; wv) AppleWebKit/537.36 (KHTML, like Gecko) Version/4.0 Chrome/130.0.6723.60 Mobile Safari/537.36 median"
79.133.185.178 - - [31/Oct/2024:14:17:25 +0500] "GET /add_balance.php HTTP/1.0" 200 4732 "http://bcckz.ru/main.php" "Mozilla/5.0 (Linux; Android 11; SM-A705FN Build/RP1A.200720.012; wv) AppleWebKit/537.36 (KHTML, like Gecko) Version/4.0 Chrome/130.0.6723.60 Mobile Safari/537.36 median"
79.133.185.178 - - [31/Oct/2024:14:17:28 +0500] "GET /main.php HTTP/1.0" 200 6760 "http://bcckz.ru/main.php" "Mozilla/5.0 (Linux; Android 11; SM-A705FN Build/RP1A.200720.012; wv) AppleWebKit/537.36 (KHTML, like Gecko) Version/4.0 Chrome/130.0.6723.60 Mobile Safari/537.36 median"
79.133.185.178 - - [31/Oct/2024:14:17:29 +0500] "GET /transfer.php HTTP/1.0" 200 17537 "http://bcckz.ru/main.php" "Mozilla/5.0 (Linux; Android 11; SM-A705FN Build/RP1A.200720.012; wv) AppleWebKit/537.36 (KHTML, like Gecko) Version/4.0 Chrome/130.0.6723.60 Mobile Safari/537.36 median"
79.133.185.178 - - [31/Oct/2024:14:17:30 +0500] "GET /main.php HTTP/1.0" 200 6760 "http://bcckz.ru/main.php" "Mozilla/5.0 (Linux; Android 11; SM-A705FN Build/RP1A.200720.012; wv) AppleWebKit/537.36 (KHTML, like Gecko) Version/4.0 Chrome/130.0.6723.60 Mobile Safari/537.36 median"
79.133.185.178 - - [31/Oct/2024:14:17:31 +0500] "GET /add_balance.php HTTP/1.0" 200 4732 "http://bcckz.ru/main.php" "Mozilla/5.0 (Linux; Android 11; SM-A705FN Build/RP1A.200720.012; wv) AppleWebKit/537.36 (KHTML, like Gecko) Version/4.0 Chrome/130.0.6723.60 Mobile Safari/537.36 median"
79.133.185.122 - - [31/Oct/2024:14:17:54 +0500] "POST /login_process.php HTTP/1.0" 302 295 "http://bcckz.ru/login.php?error=%D0%9F%D0%BE%D0%BB%D1%8C%D0%B7%D0%BE%D0%B2%D0%B0%D1%82%D0%B5%D0%BB%D1%8C+%D1%81+%D1%83%D0%BA%D0%B0%D0%B7%D0%B0%D0%BD%D0%BD%D1%8B%D0%BC+%D0%BD%D0%BE%D0%BC%D0%B5%D1%80%D0%BE%D0%BC+%D1%82%D0%B5%D0%BB%D0%B5%D1%84%D0%BE%D0%BD%D0%B0+%D0%BD%D0%B5+%D0%BD%D0%B0%D0%B9%D0%B4%D0%B5%D0%BD." "Mozilla/5.0 (Linux; Android 14; SM-A235F Build/UP1A.231005.007; wv) AppleWebKit/537.36 (KHTML, like Gecko) Version/4.0 Chrome/130.0.6723.58 Mobile Safari/537.36 median"
79.133.185.122 - - [31/Oct/2024:14:17:54 +0500] "GET /main.php HTTP/1.0" 200 6761 "http://bcckz.ru/login.php?error=%D0%9F%D0%BE%D0%BB%D1%8C%D0%B7%D0%BE%D0%B2%D0%B0%D1%82%D0%B5%D0%BB%D1%8C+%D1%81+%D1%83%D0%BA%D0%B0%D0%B7%D0%B0%D0%BD%D0%BD%D1%8B%D0%BC+%D0%BD%D0%BE%D0%BC%D0%B5%D1%80%D0%BE%D0%BC+%D1%82%D0%B5%D0%BB%D0%B5%D1%84%D0%BE%D0%BD%D0%B0+%D0%BD%D0%B5+%D0%BD%D0%B0%D0%B9%D0%B4%D0%B5%D0%BD." "Mozilla/5.0 (Linux; Android 14; SM-A235F Build/UP1A.231005.007; wv) AppleWebKit/537.36 (KHTML, like Gecko) Version/4.0 Chrome/130.0.6723.58 Mobile Safari/537.36 median"
79.133.185.122 - - [31/Oct/2024:14:17:54 +0500] "GET /css/bootstrap.css HTTP/1.0" 200 226 "http://bcckz.ru/main.php" "Mozilla/5.0 (Linux; Android 14; SM-A235F Build/UP1A.231005.007; wv) AppleWebKit/537.36 (KHTML, like Gecko) Version/4.0 Chrome/130.0.6723.58 Mobile Safari/537.36 median"
79.133.185.122 - - [31/Oct/2024:14:17:54 +0500] "GET /css/bootstrap-grid.css HTTP/1.0" 200 231 "http://bcckz.ru/main.php" "Mozilla/5.0 (Linux; Android 14; SM-A235F Build/UP1A.231005.007; wv) AppleWebKit/537.36 (KHTML, like Gecko) Version/4.0 Chrome/130.0.6723.58 Mobile Safari/537.36 median"
79.133.185.122 - - [31/Oct/2024:14:17:54 +0500] "GET /css/bootstrap-reboot.css HTTP/1.0" 200 233 "http://bcckz.ru/main.php" "Mozilla/5.0 (Linux; Android 14; SM-A235F Build/UP1A.231005.007; wv) AppleWebKit/537.36 (KHTML, like Gecko) Version/4.0 Chrome/130.0.6723.58 Mobile Safari/537.36 median"
79.133.185.122 - - [31/Oct/2024:14:17:54 +0500] "GET /css/bootstrap-utilities.css HTTP/1.0" 200 236 "http://bcckz.ru/main.php" "Mozilla/5.0 (Linux; Android 14; SM-A235F Build/UP1A.231005.007; wv) AppleWebKit/537.36 (KHTML, like Gecko) Version/4.0 Chrome/130.0.6723.58 Mobile Safari/537.36 median"
79.133.185.122 - - [31/Oct/2024:14:17:54 +0500] "GET /css/custom/main.css HTTP/1.0" 200 228 "http://bcckz.ru/main.php" "Mozilla/5.0 (Linux; Android 14; SM-A235F Build/UP1A.231005.007; wv) AppleWebKit/537.36 (KHTML, like Gecko) Version/4.0 Chrome/130.0.6723.58 Mobile Safari/537.36 median"
79.133.185.122 - - [31/Oct/2024:14:17:54 +0500] "GET /img/hide_password_eye_icon.svg HTTP/1.0" 200 1176 "http://bcckz.ru/main.php" "Mozilla/5.0 (Linux; Android 14; SM-A235F Build/UP1A.231005.007; wv) AppleWebKit/537.36 (KHTML, like Gecko) Version/4.0 Chrome/130.0.6723.58 Mobile Safari/537.36 median"
79.133.185.122 - - [31/Oct/2024:14:17:54 +0500] "GET /img/money-transfer.png HTTP/1.0" 200 232 "http://bcckz.ru/main.php" "Mozilla/5.0 (Linux; Android 14; SM-A235F Build/UP1A.231005.007; wv) AppleWebKit/537.36 (KHTML, like Gecko) Version/4.0 Chrome/130.0.6723.58 Mobile Safari/537.36 median"
79.133.185.122 - - [31/Oct/2024:14:17:54 +0500] "GET /img/add-balance.png HTTP/1.0" 200 229 "http://bcckz.ru/main.php" "Mozilla/5.0 (Linux; Android 14; SM-A235F Build/UP1A.231005.007; wv) AppleWebKit/537.36 (KHTML, like Gecko) Version/4.0 Chrome/130.0.6723.58 Mobile Safari/537.36 median"
79.133.185.122 - - [31/Oct/2024:14:17:54 +0500] "GET /img/payments.png HTTP/1.0" 200 226 "http://bcckz.ru/main.php" "Mozilla/5.0 (Linux; Android 14; SM-A235F Build/UP1A.231005.007; wv) AppleWebKit/537.36 (KHTML, like Gecko) Version/4.0 Chrome/130.0.6723.58 Mobile Safari/537.36 median"
79.133.185.122 - - [31/Oct/2024:14:17:54 +0500] "GET /js/bootstrap.min.js HTTP/1.0" 200 242 "http://bcckz.ru/main.php" "Mozilla/5.0 (Linux; Android 14; SM-A235F Build/UP1A.231005.007; wv) AppleWebKit/537.36 (KHTML, like Gecko) Version/4.0 Chrome/130.0.6723.58 Mobile Safari/537.36 median"
79.133.185.122 - - [31/Oct/2024:14:17:54 +0500] "GET /img/user.png HTTP/1.0" 200 222 "http://bcckz.ru/main.php" "Mozilla/5.0 (Linux; Android 14; SM-A235F Build/UP1A.231005.007; wv) AppleWebKit/537.36 (KHTML, like Gecko) Version/4.0 Chrome/130.0.6723.58 Mobile Safari/537.36 median"
79.133.185.122 - - [31/Oct/2024:14:17:54 +0500] "GET /img/sms.png HTTP/1.0" 200 221 "http://bcckz.ru/main.php" "Mozilla/5.0 (Linux; Android 14; SM-A235F Build/UP1A.231005.007; wv) AppleWebKit/537.36 (KHTML, like Gecko) Version/4.0 Chrome/130.0.6723.58 Mobile Safari/537.36 median"
79.133.185.122 - - [31/Oct/2024:14:17:54 +0500] "GET /img/home.png HTTP/1.0" 200 222 "http://bcckz.ru/main.php" "Mozilla/5.0 (Linux; Android 14; SM-A235F Build/UP1A.231005.007; wv) AppleWebKit/537.36 (KHTML, like Gecko) Version/4.0 Chrome/130.0.6723.58 Mobile Safari/537.36 median"
79.133.185.122 - - [31/Oct/2024:14:17:57 +0500] "GET /add_balance.php HTTP/1.0" 200 4732 "http://bcckz.ru/main.php" "Mozilla/5.0 (Linux; Android 14; SM-A235F Build/UP1A.231005.007; wv) AppleWebKit/537.36 (KHTML, like Gecko) Version/4.0 Chrome/130.0.6723.58 Mobile Safari/537.36 median"
79.133.185.122 - - [31/Oct/2024:14:17:57 +0500] "GET /css/custom/transfer.css HTTP/1.0" 200 232 "http://bcckz.ru/add_balance.php" "Mozilla/5.0 (Linux; Android 14; SM-A235F Build/UP1A.231005.007; wv) AppleWebKit/537.36 (KHTML, like Gecko) Version/4.0 Chrome/130.0.6723.58 Mobile Safari/537.36 median"
79.133.185.122 - - [31/Oct/2024:14:18:11 +0500] "POST /add_balance.php HTTP/1.0" 200 6320 "http://bcckz.ru/add_balance.php" "Mozilla/5.0 (Linux; Android 14; SM-A235F Build/UP1A.231005.007; wv) AppleWebKit/537.36 (KHTML, like Gecko) Version/4.0 Chrome/130.0.6723.58 Mobile Safari/537.36 median"
79.133.185.122 - - [31/Oct/2024:14:18:13 +0500] "GET /main.php HTTP/1.0" 200 6763 "http://bcckz.ru/add_balance.php" "Mozilla/5.0 (Linux; Android 14; SM-A235F Build/UP1A.231005.007; wv) AppleWebKit/537.36 (KHTML, like Gecko) Version/4.0 Chrome/130.0.6723.58 Mobile Safari/537.36 median"
79.133.185.122 - - [31/Oct/2024:14:18:22 +0500] "GET /main.php HTTP/1.0" 200 6763 "http://bcckz.ru/add_balance.php" "Mozilla/5.0 (Linux; Android 14; SM-A235F Build/UP1A.231005.007; wv) AppleWebKit/537.36 (KHTML, like Gecko) Version/4.0 Chrome/130.0.6723.58 Mobile Safari/537.36 median"
79.133.185.178 - - [31/Oct/2024:14:18:27 +0500] "POST /add_balance.php HTTP/1.0" 200 6320 "http://bcckz.ru/add_balance.php" "Mozilla/5.0 (Linux; Android 11; SM-A705FN Build/RP1A.200720.012; wv) AppleWebKit/537.36 (KHTML, like Gecko) Version/4.0 Chrome/130.0.6723.60 Mobile Safari/537.36 median"
79.133.185.178 - - [31/Oct/2024:14:18:32 +0500] "GET /main.php HTTP/1.0" 200 6762 "http://bcckz.ru/add_balance.php" "Mozilla/5.0 (Linux; Android 11; SM-A705FN Build/RP1A.200720.012; wv) AppleWebKit/537.36 (KHTML, like Gecko) Version/4.0 Chrome/130.0.6723.60 Mobile Safari/537.36 median"
79.133.185.178 - - [31/Oct/2024:14:18:35 +0500] "GET /add_balance.php HTTP/1.0" 200 4732 "http://bcckz.ru/main.php" "Mozilla/5.0 (Linux; Android 11; SM-A705FN Build/RP1A.200720.012; wv) AppleWebKit/537.36 (KHTML, like Gecko) Version/4.0 Chrome/130.0.6723.60 Mobile Safari/537.36 median"
79.133.185.122 - - [31/Oct/2024:14:18:35 +0500] "GET /prof.php HTTP/1.0" 200 3883 "http://bcckz.ru/main.php" "Mozilla/5.0 (Linux; Android 14; SM-A235F Build/UP1A.231005.007; wv) AppleWebKit/537.36 (KHTML, like Gecko) Version/4.0 Chrome/130.0.6723.58 Mobile Safari/537.36 median"
79.133.185.122 - - [31/Oct/2024:14:18:37 +0500] "GET /main.php HTTP/1.0" 200 6763 "http://bcckz.ru/add_balance.php" "Mozilla/5.0 (Linux; Android 14; SM-A235F Build/UP1A.231005.007; wv) AppleWebKit/537.36 (KHTML, like Gecko) Version/4.0 Chrome/130.0.6723.58 Mobile Safari/537.36 median"
79.133.185.178 - - [31/Oct/2024:14:19:18 +0500] "POST /add_balance.php HTTP/1.0" 200 6320 "http://bcckz.ru/add_balance.php" "Mozilla/5.0 (Linux; Android 11; SM-A705FN Build/RP1A.200720.012; wv) AppleWebKit/537.36 (KHTML, like Gecko) Version/4.0 Chrome/130.0.6723.60 Mobile Safari/537.36 median"
79.133.185.178 - - [31/Oct/2024:14:19:21 +0500] "GET /main.php HTTP/1.0" 200 6766 "http://bcckz.ru/add_balance.php" "Mozilla/5.0 (Linux; Android 11; SM-A705FN Build/RP1A.200720.012; wv) AppleWebKit/537.36 (KHTML, like Gecko) Version/4.0 Chrome/130.0.6723.60 Mobile Safari/537.36 median"
79.133.185.178 - - [31/Oct/2024:14:19:25 +0500] "GET /transfer.php HTTP/1.0" 200 17543 "http://bcckz.ru/main.php" "Mozilla/5.0 (Linux; Android 11; SM-A705FN Build/RP1A.200720.012; wv) AppleWebKit/537.36 (KHTML, like Gecko) Version/4.0 Chrome/130.0.6723.60 Mobile Safari/537.36 median"
79.133.185.178 - - [31/Oct/2024:14:19:35 +0500] "POST /getReceiverName.php HTTP/1.0" 200 270 "http://bcckz.ru/transfer.php" "Mozilla/5.0 (Linux; Android 11; SM-A705FN Build/RP1A.200720.012; wv) AppleWebKit/537.36 (KHTML, like Gecko) Version/4.0 Chrome/130.0.6723.60 Mobile Safari/537.36 median"
79.133.185.178 - - [31/Oct/2024:14:19:43 +0500] "POST /transfer-process.php HTTP/1.0" 200 531 "http://bcckz.ru/transfer.php" "Mozilla/5.0 (Linux; Android 11; SM-A705FN Build/RP1A.200720.012; wv) AppleWebKit/537.36 (KHTML, like Gecko) Version/4.0 Chrome/130.0.6723.60 Mobile Safari/537.36 median"
79.133.185.178 - - [31/Oct/2024:14:19:45 +0500] "GET /transfer.php HTTP/1.0" 200 17543 "http://bcckz.ru/main.php" "Mozilla/5.0 (Linux; Android 11; SM-A705FN Build/RP1A.200720.012; wv) AppleWebKit/537.36 (KHTML, like Gecko) Version/4.0 Chrome/130.0.6723.60 Mobile Safari/537.36 median"
79.133.185.178 - - [31/Oct/2024:14:19:53 +0500] "POST /transfer-process.php HTTP/1.0" 200 533 "http://bcckz.ru/transfer.php" "Mozilla/5.0 (Linux; Android 11; SM-A705FN Build/RP1A.200720.012; wv) AppleWebKit/537.36 (KHTML, like Gecko) Version/4.0 Chrome/130.0.6723.60 Mobile Safari/537.36 median"
79.133.185.178 - - [31/Oct/2024:14:19:55 +0500] "GET /transfer.php HTTP/1.0" 200 17542 "http://bcckz.ru/main.php" "Mozilla/5.0 (Linux; Android 11; SM-A705FN Build/RP1A.200720.012; wv) AppleWebKit/537.36 (KHTML, like Gecko) Version/4.0 Chrome/130.0.6723.60 Mobile Safari/537.36 median"
79.133.185.178 - - [31/Oct/2024:14:20:06 +0500] "POST /getReceiverName.php HTTP/1.0" 200 143 "http://bcckz.ru/transfer.php" "Mozilla/5.0 (Linux; Android 11; SM-A705FN Build/RP1A.200720.012; wv) AppleWebKit/537.36 (KHTML, like Gecko) Version/4.0 Chrome/130.0.6723.60 Mobile Safari/537.36 median"
79.133.189.119 - - [31/Oct/2024:14:20:16 +0500] "GET /main.php HTTP/1.0" 302 360 "-" "Mozilla/5.0 (Linux; Android 14; 22120RN86G Build/UP1A.231005.007; wv) AppleWebKit/537.36 (KHTML, like Gecko) Version/4.0 Chrome/130.0.6723.58 Mobile Safari/537.36 median"
79.133.189.119 - - [31/Oct/2024:14:20:16 +0500] "GET /login.php HTTP/1.0" 200 2101 "-" "Mozilla/5.0 (Linux; Android 14; 22120RN86G Build/UP1A.231005.007; wv) AppleWebKit/537.36 (KHTML, like Gecko) Version/4.0 Chrome/130.0.6723.58 Mobile Safari/537.36 median"
79.133.189.119 - - [31/Oct/2024:14:20:16 +0500] "GET /css/nav.css HTTP/1.0" 200 220 "http://bcckz.ru/login.php" "Mozilla/5.0 (Linux; Android 14; 22120RN86G Build/UP1A.231005.007; wv) AppleWebKit/537.36 (KHTML, like Gecko) Version/4.0 Chrome/130.0.6723.58 Mobile Safari/537.36 median"
79.133.189.119 - - [31/Oct/2024:14:20:16 +0500] "GET /favicon.ico HTTP/1.0" 404 1062 "http://bcckz.ru/login.php" "Mozilla/5.0 (Linux; Android 14; 22120RN86G Build/UP1A.231005.007; wv) AppleWebKit/537.36 (KHTML, like Gecko) Version/4.0 Chrome/130.0.6723.58 Mobile Safari/537.36 median"
79.133.185.178 - - [31/Oct/2024:14:20:27 +0500] "POST /transfer-process.php HTTP/1.0" 200 543 "http://bcckz.ru/transfer.php" "Mozilla/5.0 (Linux; Android 11; SM-A705FN Build/RP1A.200720.012; wv) AppleWebKit/537.36 (KHTML, like Gecko) Version/4.0 Chrome/130.0.6723.60 Mobile Safari/537.36 median"
79.133.189.119 - - [31/Oct/2024:14:20:28 +0500] "GET /register.php HTTP/1.0" 200 3169 "http://bcckz.ru/login.php" "Mozilla/5.0 (Linux; Android 14; 22120RN86G Build/UP1A.231005.007; wv) AppleWebKit/537.36 (KHTML, like Gecko) Version/4.0 Chrome/130.0.6723.58 Mobile Safari/537.36 median"
79.133.189.119 - - [31/Oct/2024:14:20:28 +0500] "GET /img/backarrow.svg HTTP/1.0" 200 705 "http://bcckz.ru/register.php" "Mozilla/5.0 (Linux; Android 14; 22120RN86G Build/UP1A.231005.007; wv) AppleWebKit/537.36 (KHTML, like Gecko) Version/4.0 Chrome/130.0.6723.58 Mobile Safari/537.36 median"
79.133.185.178 - - [31/Oct/2024:14:20:29 +0500] "GET /main.php HTTP/1.0" 200 6765 "http://bcckz.ru/transfer-process.php" "Mozilla/5.0 (Linux; Android 11; SM-A705FN Build/RP1A.200720.012; wv) AppleWebKit/537.36 (KHTML, like Gecko) Version/4.0 Chrome/130.0.6723.60 Mobile Safari/537.36 median"
79.133.185.122 - - [31/Oct/2024:14:20:33 +0500] "GET /main.php HTTP/1.0" 200 6763 "http://bcckz.ru/main.php" "Mozilla/5.0 (Linux; Android 14; SM-A235F Build/UP1A.231005.007; wv) AppleWebKit/537.36 (KHTML, like Gecko) Version/4.0 Chrome/130.0.6723.58 Mobile Safari/537.36 median"
79.133.185.122 - - [31/Oct/2024:14:20:35 +0500] "GET /main.php HTTP/1.0" 200 6763 "http://bcckz.ru/main.php" "Mozilla/5.0 (Linux; Android 14; SM-A235F Build/UP1A.231005.007; wv) AppleWebKit/537.36 (KHTML, like Gecko) Version/4.0 Chrome/130.0.6723.58 Mobile Safari/537.36 median"
79.133.185.122 - - [31/Oct/2024:14:20:39 +0500] "GET /main.php HTTP/1.0" 200 6763 "http://bcckz.ru/main.php" "Mozilla/5.0 (Linux; Android 14; SM-A235F Build/UP1A.231005.007; wv) AppleWebKit/537.36 (KHTML, like Gecko) Version/4.0 Chrome/130.0.6723.58 Mobile Safari/537.36 median"
79.133.185.178 - - [31/Oct/2024:14:20:42 +0500] "GET /main.php HTTP/1.0" 200 6765 "http://bcckz.ru/transfer-process.php" "Mozilla/5.0 (Linux; Android 11; SM-A705FN Build/RP1A.200720.012; wv) AppleWebKit/537.36 (KHTML, like Gecko) Version/4.0 Chrome/130.0.6723.60 Mobile Safari/537.36 median"
79.133.185.178 - - [31/Oct/2024:14:20:48 +0500] "GET /main.php HTTP/1.0" 200 6765 "http://bcckz.ru/main.php" "Mozilla/5.0 (Linux; Android 11; SM-A705FN Build/RP1A.200720.012; wv) AppleWebKit/537.36 (KHTML, like Gecko) Version/4.0 Chrome/130.0.6723.60 Mobile Safari/537.36 median"
79.133.185.178 - - [31/Oct/2024:14:20:50 +0500] "GET /main.php HTTP/1.0" 200 6765 "http://bcckz.ru/main.php" "Mozilla/5.0 (Linux; Android 11; SM-A705FN Build/RP1A.200720.012; wv) AppleWebKit/537.36 (KHTML, like Gecko) Version/4.0 Chrome/130.0.6723.60 Mobile Safari/537.36 median"
79.133.185.178 - - [31/Oct/2024:14:20:52 +0500] "GET /main.php HTTP/1.0" 200 6765 "http://bcckz.ru/main.php" "Mozilla/5.0 (Linux; Android 11; SM-A705FN Build/RP1A.200720.012; wv) AppleWebKit/537.36 (KHTML, like Gecko) Version/4.0 Chrome/130.0.6723.60 Mobile Safari/537.36 median"
79.133.185.178 - - [31/Oct/2024:14:20:53 +0500] "GET /transfer.php HTTP/1.0" 200 17542 "http://bcckz.ru/main.php" "Mozilla/5.0 (Linux; Android 11; SM-A705FN Build/RP1A.200720.012; wv) AppleWebKit/537.36 (KHTML, like Gecko) Version/4.0 Chrome/130.0.6723.60 Mobile Safari/537.36 median"
79.133.189.119 - - [31/Oct/2024:14:20:59 +0500] "POST /register_process.php HTTP/1.0" 200 948 "http://bcckz.ru/register.php" "Mozilla/5.0 (Linux; Android 14; 22120RN86G Build/UP1A.231005.007; wv) AppleWebKit/537.36 (KHTML, like Gecko) Version/4.0 Chrome/130.0.6723.58 Mobile Safari/537.36 median"
79.133.189.119 - - [31/Oct/2024:14:21:02 +0500] "GET /login.php HTTP/1.0" 200 2101 "http://bcckz.ru/register_process.php" "Mozilla/5.0 (Linux; Android 14; 22120RN86G Build/UP1A.231005.007; wv) AppleWebKit/537.36 (KHTML, like Gecko) Version/4.0 Chrome/130.0.6723.58 Mobile Safari/537.36 median"
79.133.189.119 - - [31/Oct/2024:14:21:13 +0500] "POST /login_process.php HTTP/1.0" 302 295 "http://bcckz.ru/login.php" "Mozilla/5.0 (Linux; Android 14; 22120RN86G Build/UP1A.231005.007; wv) AppleWebKit/537.36 (KHTML, like Gecko) Version/4.0 Chrome/130.0.6723.58 Mobile Safari/537.36 median"
79.133.189.119 - - [31/Oct/2024:14:21:13 +0500] "GET /main.php HTTP/1.0" 200 6761 "http://bcckz.ru/login.php" "Mozilla/5.0 (Linux; Android 14; 22120RN86G Build/UP1A.231005.007; wv) AppleWebKit/537.36 (KHTML, like Gecko) Version/4.0 Chrome/130.0.6723.58 Mobile Safari/537.36 median"
79.133.189.119 - - [31/Oct/2024:14:21:13 +0500] "GET /css/bootstrap.css HTTP/1.0" 200 226 "http://bcckz.ru/main.php" "Mozilla/5.0 (Linux; Android 14; 22120RN86G Build/UP1A.231005.007; wv) AppleWebKit/537.36 (KHTML, like Gecko) Version/4.0 Chrome/130.0.6723.58 Mobile Safari/537.36 median"
79.133.189.119 - - [31/Oct/2024:14:21:13 +0500] "GET /css/bootstrap-grid.css HTTP/1.0" 200 231 "http://bcckz.ru/main.php" "Mozilla/5.0 (Linux; Android 14; 22120RN86G Build/UP1A.231005.007; wv) AppleWebKit/537.36 (KHTML, like Gecko) Version/4.0 Chrome/130.0.6723.58 Mobile Safari/537.36 median"
79.133.189.119 - - [31/Oct/2024:14:21:13 +0500] "GET /css/bootstrap-reboot.css HTTP/1.0" 200 233 "http://bcckz.ru/main.php" "Mozilla/5.0 (Linux; Android 14; 22120RN86G Build/UP1A.231005.007; wv) AppleWebKit/537.36 (KHTML, like Gecko) Version/4.0 Chrome/130.0.6723.58 Mobile Safari/537.36 median"
79.133.189.119 - - [31/Oct/2024:14:21:13 +0500] "GET /css/custom/main.css HTTP/1.0" 200 228 "http://bcckz.ru/main.php" "Mozilla/5.0 (Linux; Android 14; 22120RN86G Build/UP1A.231005.007; wv) AppleWebKit/537.36 (KHTML, like Gecko) Version/4.0 Chrome/130.0.6723.58 Mobile Safari/537.36 median"
79.133.189.119 - - [31/Oct/2024:14:21:13 +0500] "GET /css/bootstrap-utilities.css HTTP/1.0" 200 236 "http://bcckz.ru/main.php" "Mozilla/5.0 (Linux; Android 14; 22120RN86G Build/UP1A.231005.007; wv) AppleWebKit/537.36 (KHTML, like Gecko) Version/4.0 Chrome/130.0.6723.58 Mobile Safari/537.36 median"
79.133.189.119 - - [31/Oct/2024:14:21:13 +0500] "GET /img/hide_password_eye_icon.svg HTTP/1.0" 200 1176 "http://bcckz.ru/main.php" "Mozilla/5.0 (Linux; Android 14; 22120RN86G Build/UP1A.231005.007; wv) AppleWebKit/537.36 (KHTML, like Gecko) Version/4.0 Chrome/130.0.6723.58 Mobile Safari/537.36 median"
79.133.189.119 - - [31/Oct/2024:14:21:13 +0500] "GET /img/money-transfer.png HTTP/1.0" 200 232 "http://bcckz.ru/main.php" "Mozilla/5.0 (Linux; Android 14; 22120RN86G Build/UP1A.231005.007; wv) AppleWebKit/537.36 (KHTML, like Gecko) Version/4.0 Chrome/130.0.6723.58 Mobile Safari/537.36 median"
79.133.189.119 - - [31/Oct/2024:14:21:13 +0500] "GET /img/add-balance.png HTTP/1.0" 200 229 "http://bcckz.ru/main.php" "Mozilla/5.0 (Linux; Android 14; 22120RN86G Build/UP1A.231005.007; wv) AppleWebKit/537.36 (KHTML, like Gecko) Version/4.0 Chrome/130.0.6723.58 Mobile Safari/537.36 median"
79.133.189.119 - - [31/Oct/2024:14:21:13 +0500] "GET /img/payments.png HTTP/1.0" 200 226 "http://bcckz.ru/main.php" "Mozilla/5.0 (Linux; Android 14; 22120RN86G Build/UP1A.231005.007; wv) AppleWebKit/537.36 (KHTML, like Gecko) Version/4.0 Chrome/130.0.6723.58 Mobile Safari/537.36 median"
79.133.189.119 - - [31/Oct/2024:14:21:13 +0500] "GET /js/bootstrap.min.js HTTP/1.0" 200 242 "http://bcckz.ru/main.php" "Mozilla/5.0 (Linux; Android 14; 22120RN86G Build/UP1A.231005.007; wv) AppleWebKit/537.36 (KHTML, like Gecko) Version/4.0 Chrome/130.0.6723.58 Mobile Safari/537.36 median"
79.133.189.119 - - [31/Oct/2024:14:21:13 +0500] "GET /img/user.png HTTP/1.0" 200 222 "http://bcckz.ru/main.php" "Mozilla/5.0 (Linux; Android 14; 22120RN86G Build/UP1A.231005.007; wv) AppleWebKit/537.36 (KHTML, like Gecko) Version/4.0 Chrome/130.0.6723.58 Mobile Safari/537.36 median"
79.133.189.119 - - [31/Oct/2024:14:21:13 +0500] "GET /img/home.png HTTP/1.0" 200 222 "http://bcckz.ru/main.php" "Mozilla/5.0 (Linux; Android 14; 22120RN86G Build/UP1A.231005.007; wv) AppleWebKit/537.36 (KHTML, like Gecko) Version/4.0 Chrome/130.0.6723.58 Mobile Safari/537.36 median"
79.133.189.119 - - [31/Oct/2024:14:21:13 +0500] "GET /img/sms.png HTTP/1.0" 200 221 "http://bcckz.ru/main.php" "Mozilla/5.0 (Linux; Android 14; 22120RN86G Build/UP1A.231005.007; wv) AppleWebKit/537.36 (KHTML, like Gecko) Version/4.0 Chrome/130.0.6723.58 Mobile Safari/537.36 median"
79.133.189.119 - - [31/Oct/2024:14:21:18 +0500] "GET /transfer.php HTTP/1.0" 200 17515 "http://bcckz.ru/main.php" "Mozilla/5.0 (Linux; Android 14; 22120RN86G Build/UP1A.231005.007; wv) AppleWebKit/537.36 (KHTML, like Gecko) Version/4.0 Chrome/130.0.6723.58 Mobile Safari/537.36 median"
79.133.189.119 - - [31/Oct/2024:14:21:18 +0500] "GET /css/custom/transfer.css HTTP/1.0" 200 232 "http://bcckz.ru/transfer.php" "Mozilla/5.0 (Linux; Android 14; 22120RN86G Build/UP1A.231005.007; wv) AppleWebKit/537.36 (KHTML, like Gecko) Version/4.0 Chrome/130.0.6723.58 Mobile Safari/537.36 median"
79.133.185.178 - - [31/Oct/2024:14:21:26 +0500] "POST /getReceiverName.php HTTP/1.0" 200 192 "http://bcckz.ru/transfer.php" "Mozilla/5.0 (Linux; Android 11; SM-A705FN Build/RP1A.200720.012; wv) AppleWebKit/537.36 (KHTML, like Gecko) Version/4.0 Chrome/130.0.6723.60 Mobile Safari/537.36 median"
79.133.189.119 - - [31/Oct/2024:14:21:31 +0500] "GET /main.php HTTP/1.0" 200 6761 "http://bcckz.ru/login.php" "Mozilla/5.0 (Linux; Android 14; 22120RN86G Build/UP1A.231005.007; wv) AppleWebKit/537.36 (KHTML, like Gecko) Version/4.0 Chrome/130.0.6723.58 Mobile Safari/537.36 median"
79.133.189.119 - - [31/Oct/2024:14:21:40 +0500] "GET /main.php HTTP/1.0" 200 6761 "http://bcckz.ru/main.php" "Mozilla/5.0 (Linux; Android 14; 22120RN86G Build/UP1A.231005.007; wv) AppleWebKit/537.36 (KHTML, like Gecko) Version/4.0 Chrome/130.0.6723.58 Mobile Safari/537.36 median"
79.133.185.178 - - [31/Oct/2024:14:21:40 +0500] "POST /transfer-process.php HTTP/1.0" 200 522 "http://bcckz.ru/transfer.php" "Mozilla/5.0 (Linux; Android 11; SM-A705FN Build/RP1A.200720.012; wv) AppleWebKit/537.36 (KHTML, like Gecko) Version/4.0 Chrome/130.0.6723.60 Mobile Safari/537.36 median"
79.133.189.119 - - [31/Oct/2024:14:21:42 +0500] "GET /main.php HTTP/1.0" 200 6766 "http://bcckz.ru/main.php" "Mozilla/5.0 (Linux; Android 14; 22120RN86G Build/UP1A.231005.007; wv) AppleWebKit/537.36 (KHTML, like Gecko) Version/4.0 Chrome/130.0.6723.58 Mobile Safari/537.36 median"
79.133.185.178 - - [31/Oct/2024:14:21:43 +0500] "GET /main.php HTTP/1.0" 200 6765 "http://bcckz.ru/transfer-process.php" "Mozilla/5.0 (Linux; Android 11; SM-A705FN Build/RP1A.200720.012; wv) AppleWebKit/537.36 (KHTML, like Gecko) Version/4.0 Chrome/130.0.6723.60 Mobile Safari/537.36 median"
79.133.189.119 - - [31/Oct/2024:14:21:49 +0500] "GET /add_balance.php HTTP/1.0" 200 4732 "http://bcckz.ru/main.php" "Mozilla/5.0 (Linux; Android 14; 22120RN86G Build/UP1A.231005.007; wv) AppleWebKit/537.36 (KHTML, like Gecko) Version/4.0 Chrome/130.0.6723.58 Mobile Safari/537.36 median"
79.133.189.119 - - [31/Oct/2024:14:21:50 +0500] "GET /main.php HTTP/1.0" 200 6766 "http://bcckz.ru/main.php" "Mozilla/5.0 (Linux; Android 14; 22120RN86G Build/UP1A.231005.007; wv) AppleWebKit/537.36 (KHTML, like Gecko) Version/4.0 Chrome/130.0.6723.58 Mobile Safari/537.36 median"
79.133.189.119 - - [31/Oct/2024:14:21:51 +0500] "GET /credits.php HTTP/1.0" 200 5536 "http://bcckz.ru/main.php" "Mozilla/5.0 (Linux; Android 14; 22120RN86G Build/UP1A.231005.007; wv) AppleWebKit/537.36 (KHTML, like Gecko) Version/4.0 Chrome/130.0.6723.58 Mobile Safari/537.36 median"
79.133.189.119 - - [31/Oct/2024:14:21:51 +0500] "GET /css/custom/credits.css HTTP/1.0" 200 231 "http://bcckz.ru/credits.php" "Mozilla/5.0 (Linux; Android 14; 22120RN86G Build/UP1A.231005.007; wv) AppleWebKit/537.36 (KHTML, like Gecko) Version/4.0 Chrome/130.0.6723.58 Mobile Safari/537.36 median"
79.133.185.178 - - [31/Oct/2024:14:21:51 +0500] "GET /transfer.php HTTP/1.0" 200 17542 "http://bcckz.ru/main.php" "Mozilla/5.0 (Linux; Android 11; SM-A705FN Build/RP1A.200720.012; wv) AppleWebKit/537.36 (KHTML, like Gecko) Version/4.0 Chrome/130.0.6723.60 Mobile Safari/537.36 median"
