79.133.189.119 - - [31/Oct/2024:14:21:55 +0500] "GET /main.php HTTP/1.0" 200 6766 "http://bcckz.ru/main.php" "Mozilla/5.0 (Linux; Android 14; 22120RN86G Build/UP1A.231005.007; wv) AppleWebKit/537.36 (KHTML, like Gecko) Version/4.0 Chrome/130.0.6723.58 Mobile Safari/537.36 median"
79.133.185.122 - - [31/Oct/2024:14:21:56 +0500] "GET /prof.php HTTP/1.0" 200 3883 "http://bcckz.ru/main.php" "Mozilla/5.0 (Linux; Android 14; SM-A235F Build/UP1A.231005.007; wv) AppleWebKit/537.36 (KHTML, like Gecko) Version/4.0 Chrome/130.0.6723.58 Mobile Safari/537.36 median"
79.133.189.119 - - [31/Oct/2024:14:21:56 +0500] "GET /prof.php HTTP/1.0" 200 3866 "http://bcckz.ru/main.php" "Mozilla/5.0 (Linux; Android 14; 22120RN86G Build/UP1A.231005.007; wv) AppleWebKit/537.36 (KHTML, like Gecko) Version/4.0 Chrome/130.0.6723.58 Mobile Safari/537.36 median"
79.133.189.119 - - [31/Oct/2024:14:22:11 +0500] "GET /main.php HTTP/1.0" 200 6766 "http://bcckz.ru/main.php" "Mozilla/5.0 (Linux; Android 14; 22120RN86G Build/UP1A.231005.007; wv) AppleWebKit/537.36 (KHTML, like Gecko) Version/4.0 Chrome/130.0.6723.58 Mobile Safari/537.36 median"
79.133.189.119 - - [31/Oct/2024:14:22:12 +0500] "GET /transfer.php HTTP/1.0" 200 17520 "http://bcckz.ru/main.php" "Mozilla/5.0 (Linux; Android 14; 22120RN86G Build/UP1A.231005.007; wv) AppleWebKit/537.36 (KHTML, like Gecko) Version/4.0 Chrome/130.0.6723.58 Mobile Safari/537.36 median"
79.133.185.178 - - [31/Oct/2024:14:22:12 +0500] "POST /getReceiverName.php HTTP/1.0" 200 143 "http://bcckz.ru/transfer.php" "Mozilla/5.0 (Linux; Android 11; SM-A705FN Build/RP1A.200720.012; wv) AppleWebKit/537.36 (KHTML, like Gecko) Version/4.0 Chrome/130.0.6723.60 Mobile Safari/537.36 median"
79.133.189.119 - - [31/Oct/2024:14:22:19 +0500] "GET /main.php HTTP/1.0" 200 6766 "http://bcckz.ru/main.php" "Mozilla/5.0 (Linux; Android 14; 22120RN86G Build/UP1A.231005.007; wv) AppleWebKit/537.36 (KHTML, like Gecko) Version/4.0 Chrome/130.0.6723.58 Mobile Safari/537.36 median"
79.133.189.119 - - [31/Oct/2024:14:22:21 +0500] "GET /main.php HTTP/1.0" 200 6766 "http://bcckz.ru/main.php" "Mozilla/5.0 (Linux; Android 14; 22120RN86G Build/UP1A.231005.007; wv) AppleWebKit/537.36 (KHTML, like Gecko) Version/4.0 Chrome/130.0.6723.58 Mobile Safari/537.36 median"
79.133.189.119 - - [31/Oct/2024:14:22:22 +0500] "GET /prof.php HTTP/1.0" 200 3866 "http://bcckz.ru/main.php" "Mozilla/5.0 (Linux; Android 14; 22120RN86G Build/UP1A.231005.007; wv) AppleWebKit/537.36 (KHTML, like Gecko) Version/4.0 Chrome/130.0.6723.58 Mobile Safari/537.36 median"
79.133.189.119 - - [31/Oct/2024:14:22:23 +0500] "GET /admin/adm-index.php HTTP/1.0" 200 3215 "http://bcckz.ru/prof.php" "Mozilla/5.0 (Linux; Android 14; 22120RN86G Build/UP1A.231005.007; wv) AppleWebKit/537.36 (KHTML, like Gecko) Version/4.0 Chrome/130.0.6723.58 Mobile Safari/537.36 median"
79.133.185.122 - - [31/Oct/2024:14:22:29 +0500] "GET /main.php HTTP/1.0" 200 6763 "http://bcckz.ru/main.php" "Mozilla/5.0 (Linux; Android 14; SM-A235F Build/UP1A.231005.007; wv) AppleWebKit/537.36 (KHTML, like Gecko) Version/4.0 Chrome/130.0.6723.58 Mobile Safari/537.36 median"
79.133.185.122 - - [31/Oct/2024:14:22:31 +0500] "GET /prof.php HTTP/1.0" 200 3883 "http://bcckz.ru/main.php" "Mozilla/5.0 (Linux; Android 14; SM-A235F Build/UP1A.231005.007; wv) AppleWebKit/537.36 (KHTML, like Gecko) Version/4.0 Chrome/130.0.6723.58 Mobile Safari/537.36 median"
79.133.185.122 - - [31/Oct/2024:14:22:33 +0500] "GET /main.php HTTP/1.0" 200 6763 "http://bcckz.ru/main.php" "Mozilla/5.0 (Linux; Android 14; SM-A235F Build/UP1A.231005.007; wv) AppleWebKit/537.36 (KHTML, like Gecko) Version/4.0 Chrome/130.0.6723.58 Mobile Safari/537.36 median"
79.133.189.119 - - [31/Oct/2024:14:22:34 +0500] "GET /prof.php HTTP/1.0" 200 3866 "http://bcckz.ru/main.php" "Mozilla/5.0 (Linux; Android 14; 22120RN86G Build/UP1A.231005.007; wv) AppleWebKit/537.36 (KHTML, like Gecko) Version/4.0 Chrome/130.0.6723.58 Mobile Safari/537.36 median"
79.133.185.122 - - [31/Oct/2024:14:22:34 +0500] "GET /main.php HTTP/1.0" 200 6763 "http://bcckz.ru/main.php" "Mozilla/5.0 (Linux; Android 14; SM-A235F Build/UP1A.231005.007; wv) AppleWebKit/537.36 (KHTML, like Gecko) Version/4.0 Chrome/130.0.6723.58 Mobile Safari/537.36 median"
79.133.189.119 - - [31/Oct/2024:14:22:35 +0500] "GET /admin/adm-index.php HTTP/1.0" 200 3215 "http://bcckz.ru/prof.php" "Mozilla/5.0 (Linux; Android 14; 22120RN86G Build/UP1A.231005.007; wv) AppleWebKit/537.36 (KHTML, like Gecko) Version/4.0 Chrome/130.0.6723.58 Mobile Safari/537.36 median"
79.133.185.122 - - [31/Oct/2024:14:22:50 +0500] "GET /prof.php HTTP/1.0" 200 3883 "http://bcckz.ru/main.php" "Mozilla/5.0 (Linux; Android 14; SM-A235F Build/UP1A.231005.007; wv) AppleWebKit/537.36 (KHTML, like Gecko) Version/4.0 Chrome/130.0.6723.58 Mobile Safari/537.36 median"
79.133.185.122 - - [31/Oct/2024:14:22:53 +0500] "GET /main.php HTTP/1.0" 200 6763 "http://bcckz.ru/main.php" "Mozilla/5.0 (Linux; Android 14; SM-A235F Build/UP1A.231005.007; wv) AppleWebKit/537.36 (KHTML, like Gecko) Version/4.0 Chrome/130.0.6723.58 Mobile Safari/537.36 median"
79.133.189.119 - - [31/Oct/2024:14:22:56 +0500] "POST /admin/chatbot.php HTTP/1.0" 500 169 "http://bcckz.ru/admin/adm-index.php" "Mozilla/5.0 (Linux; Android 14; 22120RN86G Build/UP1A.231005.007; wv) AppleWebKit/537.36 (KHTML, like Gecko) Version/4.0 Chrome/130.0.6723.58 Mobile Safari/537.36 median"
79.133.185.122 - - [31/Oct/2024:14:22:59 +0500] "GET /main.php HTTP/1.0" 200 6763 "http://bcckz.ru/main.php" "Mozilla/5.0 (Linux; Android 14; SM-A235F Build/UP1A.231005.007; wv) AppleWebKit/537.36 (KHTML, like Gecko) Version/4.0 Chrome/130.0.6723.58 Mobile Safari/537.36 median"
79.133.189.119 - - [31/Oct/2024:14:23:05 +0500] "GET /prof.php HTTP/1.0" 200 3866 "http://bcckz.ru/main.php" "Mozilla/5.0 (Linux; Android 14; 22120RN86G Build/UP1A.231005.007; wv) AppleWebKit/537.36 (KHTML, like Gecko) Version/4.0 Chrome/130.0.6723.58 Mobile Safari/537.36 median"
79.133.189.119 - - [31/Oct/2024:14:23:06 +0500] "GET /admin/adm-index.php HTTP/1.0" 200 3215 "http://bcckz.ru/prof.php" "Mozilla/5.0 (Linux; Android 14; 22120RN86G Build/UP1A.231005.007; wv) AppleWebKit/537.36 (KHTML, like Gecko) Version/4.0 Chrome/130.0.6723.58 Mobile Safari/537.36 median"
79.133.189.119 - - [31/Oct/2024:14:23:18 +0500] "GET /prof.php HTTP/1.0" 200 3866 "http://bcckz.ru/main.php" "Mozilla/5.0 (Linux; Android 14; 22120RN86G Build/UP1A.231005.007; wv) AppleWebKit/537.36 (KHTML, like Gecko) Version/4.0 Chrome/130.0.6723.58 Mobile Safari/537.36 median"
79.133.189.119 - - [31/Oct/2024:14:23:19 +0500] "GET /admin/adm-index.php HTTP/1.0" 200 3215 "http://bcckz.ru/prof.php" "Mozilla/5.0 (Linux; Android 14; 22120RN86G Build/UP1A.231005.007; wv) AppleWebKit/537.36 (KHTML, like Gecko) Version/4.0 Chrome/130.0.6723.58 Mobile Safari/537.36 median"
79.133.189.119 - - [31/Oct/2024:14:23:44 +0500] "GET /main.php HTTP/1.0" 200 6766 "-" "Mozilla/5.0 (Linux; Android 14; 22120RN86G Build/UP1A.231005.007; wv) AppleWebKit/537.36 (KHTML, like Gecko) Version/4.0 Chrome/130.0.6723.58 Mobile Safari/537.36 median"
79.133.189.119 - - [31/Oct/2024:14:23:44 +0500] "GET /favicon.ico HTTP/1.0" 404 1062 "http://bcckz.ru/main.php" "Mozilla/5.0 (Linux; Android 14; 22120RN86G Build/UP1A.231005.007; wv) AppleWebKit/537.36 (KHTML, like Gecko) Version/4.0 Chrome/130.0.6723.58 Mobile Safari/537.36 median"
79.133.189.119 - - [31/Oct/2024:14:23:55 +0500] "GET /main.php HTTP/1.0" 200 6766 "http://bcckz.ru/main.php" "Mozilla/5.0 (Linux; Android 14; 22120RN86G Build/UP1A.231005.007; wv) AppleWebKit/537.36 (KHTML, like Gecko) Version/4.0 Chrome/130.0.6723.58 Mobile Safari/537.36 median"
79.133.185.122 - - [31/Oct/2024:14:24:13 +0500] "GET /prof.php HTTP/1.0" 200 3883 "http://bcckz.ru/main.php" "Mozilla/5.0 (Linux; Android 14; SM-A235F Build/UP1A.231005.007; wv) AppleWebKit/537.36 (KHTML, like Gecko) Version/4.0 Chrome/130.0.6723.58 Mobile Safari/537.36 median"
79.133.189.119 - - [31/Oct/2024:14:24:21 +0500] "GET /add_balance.php HTTP/1.0" 200 4732 "http://bcckz.ru/main.php" "Mozilla/5.0 (Linux; Android 14; 22120RN86G Build/UP1A.231005.007; wv) AppleWebKit/537.36 (KHTML, like Gecko) Version/4.0 Chrome/130.0.6723.58 Mobile Safari/537.36 median"
79.133.189.119 - - [31/Oct/2024:14:24:24 +0500] "GET /main.php HTTP/1.0" 200 6766 "http://bcckz.ru/main.php" "Mozilla/5.0 (Linux; Android 14; 22120RN86G Build/UP1A.231005.007; wv) AppleWebKit/537.36 (KHTML, like Gecko) Version/4.0 Chrome/130.0.6723.58 Mobile Safari/537.36 median"
79.133.189.119 - - [31/Oct/2024:14:24:38 +0500] "GET /main.php HTTP/1.0" 200 6766 "http://bcckz.ru/main.php" "Mozilla/5.0 (Linux; Android 14; 22120RN86G Build/UP1A.231005.007; wv) AppleWebKit/537.36 (KHTML, like Gecko) Version/4.0 Chrome/130.0.6723.58 Mobile Safari/537.36 median"
79.133.189.119 - - [31/Oct/2024:14:24:41 +0500] "GET /main.php HTTP/1.0" 200 6766 "-" "Mozilla/5.0 (Linux; Android 14; 22120RN86G Build/UP1A.231005.007; wv) AppleWebKit/537.36 (KHTML, like Gecko) Version/4.0 Chrome/130.0.6723.58 Mobile Safari/537.36 median"
79.133.189.119 - - [31/Oct/2024:14:24:42 +0500] "GET /favicon.ico HTTP/1.0" 404 1062 "http://bcckz.ru/main.php" "Mozilla/5.0 (Linux; Android 14; 22120RN86G Build/UP1A.231005.007; wv) AppleWebKit/537.36 (KHTML, like Gecko) Version/4.0 Chrome/130.0.6723.58 Mobile Safari/537.36 median"
79.133.189.119 - - [31/Oct/2024:14:25:00 +0500] "GET /transfer.php HTTP/1.0" 200 17520 "http://bcckz.ru/main.php" "Mozilla/5.0 (Linux; Android 14; 22120RN86G Build/UP1A.231005.007; wv) AppleWebKit/537.36 (KHTML, like Gecko) Version/4.0 Chrome/130.0.6723.58 Mobile Safari/537.36 median"
79.133.189.119 - - [31/Oct/2024:14:25:11 +0500] "GET /main.php HTTP/1.0" 200 6766 "-" "Mozilla/5.0 (Linux; Android 14; 22120RN86G Build/UP1A.231005.007; wv) AppleWebKit/537.36 (KHTML, like Gecko) Version/4.0 Chrome/130.0.6723.58 Mobile Safari/537.36 median"
79.133.189.119 - - [31/Oct/2024:14:25:13 +0500] "GET /main.php HTTP/1.0" 200 6766 "http://bcckz.ru/main.php" "Mozilla/5.0 (Linux; Android 14; 22120RN86G Build/UP1A.231005.007; wv) AppleWebKit/537.36 (KHTML, like Gecko) Version/4.0 Chrome/130.0.6723.58 Mobile Safari/537.36 median"
79.133.189.119 - - [31/Oct/2024:14:25:16 +0500] "GET /main.php HTTP/1.0" 200 6766 "http://bcckz.ru/main.php" "Mozilla/5.0 (Linux; Android 14; 22120RN86G Build/UP1A.231005.007; wv) AppleWebKit/537.36 (KHTML, like Gecko) Version/4.0 Chrome/130.0.6723.58 Mobile Safari/537.36 median"
79.133.189.119 - - [31/Oct/2024:14:25:18 +0500] "GET /main.php HTTP/1.0" 200 6766 "http://bcckz.ru/main.php" "Mozilla/5.0 (Linux; Android 14; 22120RN86G Build/UP1A.231005.007; wv) AppleWebKit/537.36 (KHTML, like Gecko) Version/4.0 Chrome/130.0.6723.58 Mobile Safari/537.36 median"
79.133.189.119 - - [31/Oct/2024:14:25:51 +0500] "GET /main.php HTTP/1.0" 200 6766 "-" "Mozilla/5.0 (Linux; Android 14; 22120RN86G Build/UP1A.231005.007; wv) AppleWebKit/537.36 (KHTML, like Gecko) Version/4.0 Chrome/130.0.6723.58 Mobile Safari/537.36 median"
79.133.189.119 - - [31/Oct/2024:14:25:52 +0500] "GET /favicon.ico HTTP/1.0" 404 1062 "http://bcckz.ru/main.php" "Mozilla/5.0 (Linux; Android 14; 22120RN86G Build/UP1A.231005.007; wv) AppleWebKit/537.36 (KHTML, like Gecko) Version/4.0 Chrome/130.0.6723.58 Mobile Safari/537.36 median"
79.133.189.119 - - [31/Oct/2024:14:25:53 +0500] "GET /add_balance.php HTTP/1.0" 200 4732 "http://bcckz.ru/main.php" "Mozilla/5.0 (Linux; Android 14; 22120RN86G Build/UP1A.231005.007; wv) AppleWebKit/537.36 (KHTML, like Gecko) Version/4.0 Chrome/130.0.6723.58 Mobile Safari/537.36 median"
79.133.189.119 - - [31/Oct/2024:14:25:55 +0500] "GET /main.php HTTP/1.0" 200 6766 "-" "Mozilla/5.0 (Linux; Android 14; 22120RN86G Build/UP1A.231005.007; wv) AppleWebKit/537.36 (KHTML, like Gecko) Version/4.0 Chrome/130.0.6723.58 Mobile Safari/537.36 median"
79.133.185.122 - - [31/Oct/2024:14:27:16 +0500] "GET /main.php HTTP/1.0" 302 360 "-" "Mozilla/5.0 (Linux; Android 14; SM-A235F Build/UP1A.231005.007; wv) AppleWebKit/537.36 (KHTML, like Gecko) Version/4.0 Chrome/130.0.6723.58 Mobile Safari/537.36 median"
79.133.185.122 - - [31/Oct/2024:14:27:17 +0500] "GET /login.php HTTP/1.0" 200 2101 "-" "Mozilla/5.0 (Linux; Android 14; SM-A235F Build/UP1A.231005.007; wv) AppleWebKit/537.36 (KHTML, like Gecko) Version/4.0 Chrome/130.0.6723.58 Mobile Safari/537.36 median"
79.133.185.122 - - [31/Oct/2024:14:27:17 +0500] "GET /css/nav.css HTTP/1.0" 200 220 "http://bcckz.ru/login.php" "Mozilla/5.0 (Linux; Android 14; SM-A235F Build/UP1A.231005.007; wv) AppleWebKit/537.36 (KHTML, like Gecko) Version/4.0 Chrome/130.0.6723.58 Mobile Safari/537.36 median"
79.133.185.122 - - [31/Oct/2024:14:27:18 +0500] "GET /favicon.ico HTTP/1.0" 404 1062 "http://bcckz.ru/login.php" "Mozilla/5.0 (Linux; Android 14; SM-A235F Build/UP1A.231005.007; wv) AppleWebKit/537.36 (KHTML, like Gecko) Version/4.0 Chrome/130.0.6723.58 Mobile Safari/537.36 median"
79.133.185.122 - - [31/Oct/2024:14:27:31 +0500] "GET /register.php HTTP/1.0" 200 3169 "http://bcckz.ru/login.php" "Mozilla/5.0 (Linux; Android 14; SM-A235F Build/UP1A.231005.007; wv) AppleWebKit/537.36 (KHTML, like Gecko) Version/4.0 Chrome/130.0.6723.58 Mobile Safari/537.36 median"
79.133.185.122 - - [31/Oct/2024:14:27:31 +0500] "GET /img/backarrow.svg HTTP/1.0" 200 705 "http://bcckz.ru/register.php" "Mozilla/5.0 (Linux; Android 14; SM-A235F Build/UP1A.231005.007; wv) AppleWebKit/537.36 (KHTML, like Gecko) Version/4.0 Chrome/130.0.6723.58 Mobile Safari/537.36 median"
35.184.97.225 - - [31/Oct/2024:14:27:35 +0500] "GET / HTTP/1.0" 200 1537 "-" "python-requests/2.32.3"
35.184.97.225 - - [31/Oct/2024:14:27:38 +0500] "GET / HTTP/1.0" 200 1537 "-" "Mozilla/5.0 (X11; Linux x86_64) AppleWebKit/537.36 (KHTML, like Gecko) Chrome/59.0.3071.104 Safari/537.36"
35.184.97.225 - - [31/Oct/2024:14:27:40 +0500] "GET / HTTP/1.0" 200 1537 "-" "Mozilla/5.0 (Windows NT 6.2; Win64; x64; rv:16.0) Gecko/16.0 Firefox/16.0"
79.133.185.122 - - [31/Oct/2024:14:28:01 +0500] "POST /register_process.php HTTP/1.0" 200 948 "http://bcckz.ru/register.php" "Mozilla/5.0 (Linux; Android 14; SM-A235F Build/UP1A.231005.007; wv) AppleWebKit/537.36 (KHTML, like Gecko) Version/4.0 Chrome/130.0.6723.58 Mobile Safari/537.36 median"
79.133.185.122 - - [31/Oct/2024:14:28:03 +0500] "GET /login.php HTTP/1.0" 200 2101 "http://bcckz.ru/register_process.php" "Mozilla/5.0 (Linux; Android 14; SM-A235F Build/UP1A.231005.007; wv) AppleWebKit/537.36 (KHTML, like Gecko) Version/4.0 Chrome/130.0.6723.58 Mobile Safari/537.36 median"
79.133.185.122 - - [31/Oct/2024:14:28:13 +0500] "POST /login_process.php HTTP/1.0" 302 295 "http://bcckz.ru/login.php" "Mozilla/5.0 (Linux; Android 14; SM-A235F Build/UP1A.231005.007; wv) AppleWebKit/537.36 (KHTML, like Gecko) Version/4.0 Chrome/130.0.6723.58 Mobile Safari/537.36 median"
79.133.185.122 - - [31/Oct/2024:14:28:13 +0500] "GET /main.php HTTP/1.0" 200 6761 "http://bcckz.ru/login.php" "Mozilla/5.0 (Linux; Android 14; SM-A235F Build/UP1A.231005.007; wv) AppleWebKit/537.36 (KHTML, like Gecko) Version/4.0 Chrome/130.0.6723.58 Mobile Safari/537.36 median"
79.133.185.122 - - [31/Oct/2024:14:28:13 +0500] "GET /css/bootstrap-reboot.css HTTP/1.0" 200 233 "http://bcckz.ru/main.php" "Mozilla/5.0 (Linux; Android 14; SM-A235F Build/UP1A.231005.007; wv) AppleWebKit/537.36 (KHTML, like Gecko) Version/4.0 Chrome/130.0.6723.58 Mobile Safari/537.36 median"
79.133.185.122 - - [31/Oct/2024:14:28:13 +0500] "GET /css/bootstrap-utilities.css HTTP/1.0" 200 236 "http://bcckz.ru/main.php" "Mozilla/5.0 (Linux; Android 14; SM-A235F Build/UP1A.231005.007; wv) AppleWebKit/537.36 (KHTML, like Gecko) Version/4.0 Chrome/130.0.6723.58 Mobile Safari/537.36 median"
79.133.185.122 - - [31/Oct/2024:14:28:14 +0500] "GET /css/bootstrap.css HTTP/1.0" 200 226 "http://bcckz.ru/main.php" "Mozilla/5.0 (Linux; Android 14; SM-A235F Build/UP1A.231005.007; wv) AppleWebKit/537.36 (KHTML, like Gecko) Version/4.0 Chrome/130.0.6723.58 Mobile Safari/537.36 median"
79.133.185.122 - - [31/Oct/2024:14:28:14 +0500] "GET /css/bootstrap-grid.css HTTP/1.0" 200 231 "http://bcckz.ru/main.php" "Mozilla/5.0 (Linux; Android 14; SM-A235F Build/UP1A.231005.007; wv) AppleWebKit/537.36 (KHTML, like Gecko) Version/4.0 Chrome/130.0.6723.58 Mobile Safari/537.36 median"
79.133.185.122 - - [31/Oct/2024:14:28:14 +0500] "GET /css/custom/main.css HTTP/1.0" 200 228 "http://bcckz.ru/main.php" "Mozilla/5.0 (Linux; Android 14; SM-A235F Build/UP1A.231005.007; wv) AppleWebKit/537.36 (KHTML, like Gecko) Version/4.0 Chrome/130.0.6723.58 Mobile Safari/537.36 median"
79.133.185.122 - - [31/Oct/2024:14:28:14 +0500] "GET /img/money-transfer.png HTTP/1.0" 200 232 "http://bcckz.ru/main.php" "Mozilla/5.0 (Linux; Android 14; SM-A235F Build/UP1A.231005.007; wv) AppleWebKit/537.36 (KHTML, like Gecko) Version/4.0 Chrome/130.0.6723.58 Mobile Safari/537.36 median"
79.133.185.122 - - [31/Oct/2024:14:28:14 +0500] "GET /img/hide_password_eye_icon.svg HTTP/1.0" 200 1176 "http://bcckz.ru/main.php" "Mozilla/5.0 (Linux; Android 14; SM-A235F Build/UP1A.231005.007; wv) AppleWebKit/537.36 (KHTML, like Gecko) Version/4.0 Chrome/130.0.6723.58 Mobile Safari/537.36 median"
79.133.185.122 - - [31/Oct/2024:14:28:14 +0500] "GET /img/add-balance.png HTTP/1.0" 200 229 "http://bcckz.ru/main.php" "Mozilla/5.0 (Linux; Android 14; SM-A235F Build/UP1A.231005.007; wv) AppleWebKit/537.36 (KHTML, like Gecko) Version/4.0 Chrome/130.0.6723.58 Mobile Safari/537.36 median"
79.133.185.122 - - [31/Oct/2024:14:28:14 +0500] "GET /img/payments.png HTTP/1.0" 200 226 "http://bcckz.ru/main.php" "Mozilla/5.0 (Linux; Android 14; SM-A235F Build/UP1A.231005.007; wv) AppleWebKit/537.36 (KHTML, like Gecko) Version/4.0 Chrome/130.0.6723.58 Mobile Safari/537.36 median"
79.133.185.122 - - [31/Oct/2024:14:28:14 +0500] "GET /js/bootstrap.min.js HTTP/1.0" 200 242 "http://bcckz.ru/main.php" "Mozilla/5.0 (Linux; Android 14; SM-A235F Build/UP1A.231005.007; wv) AppleWebKit/537.36 (KHTML, like Gecko) Version/4.0 Chrome/130.0.6723.58 Mobile Safari/537.36 median"
79.133.185.122 - - [31/Oct/2024:14:28:14 +0500] "GET /img/home.png HTTP/1.0" 200 222 "http://bcckz.ru/main.php" "Mozilla/5.0 (Linux; Android 14; SM-A235F Build/UP1A.231005.007; wv) AppleWebKit/537.36 (KHTML, like Gecko) Version/4.0 Chrome/130.0.6723.58 Mobile Safari/537.36 median"
79.133.185.122 - - [31/Oct/2024:14:28:14 +0500] "GET /img/user.png HTTP/1.0" 200 222 "http://bcckz.ru/main.php" "Mozilla/5.0 (Linux; Android 14; SM-A235F Build/UP1A.231005.007; wv) AppleWebKit/537.36 (KHTML, like Gecko) Version/4.0 Chrome/130.0.6723.58 Mobile Safari/537.36 median"
79.133.185.122 - - [31/Oct/2024:14:28:14 +0500] "GET /img/sms.png HTTP/1.0" 200 221 "http://bcckz.ru/main.php" "Mozilla/5.0 (Linux; Android 14; SM-A235F Build/UP1A.231005.007; wv) AppleWebKit/537.36 (KHTML, like Gecko) Version/4.0 Chrome/130.0.6723.58 Mobile Safari/537.36 median"
79.133.185.178 - - [31/Oct/2024:14:28:19 +0500] "GET /main.php HTTP/1.0" 200 6765 "http://bcckz.ru/transfer.php" "Mozilla/5.0 (Linux; Android 11; SM-A705FN Build/RP1A.200720.012; wv) AppleWebKit/537.36 (KHTML, like Gecko) Version/4.0 Chrome/130.0.6723.60 Mobile Safari/537.36 median"
79.133.185.178 - - [31/Oct/2024:14:28:21 +0500] "GET /transfer.php HTTP/1.0" 200 17542 "http://bcckz.ru/main.php" "Mozilla/5.0 (Linux; Android 11; SM-A705FN Build/RP1A.200720.012; wv) AppleWebKit/537.36 (KHTML, like Gecko) Version/4.0 Chrome/130.0.6723.60 Mobile Safari/537.36 median"
79.133.185.178 - - [31/Oct/2024:14:28:27 +0500] "POST /getReceiverName.php HTTP/1.0" 200 234 "http://bcckz.ru/transfer.php" "Mozilla/5.0 (Linux; Android 11; SM-A705FN Build/RP1A.200720.012; wv) AppleWebKit/537.36 (KHTML, like Gecko) Version/4.0 Chrome/130.0.6723.60 Mobile Safari/537.36 median"
79.133.185.122 - - [31/Oct/2024:14:28:41 +0500] "GET /main.php HTTP/1.0" 200 6761 "http://bcckz.ru/main.php" "Mozilla/5.0 (Linux; Android 14; SM-A235F Build/UP1A.231005.007; wv) AppleWebKit/537.36 (KHTML, like Gecko) Version/4.0 Chrome/130.0.6723.58 Mobile Safari/537.36 median"
79.133.185.178 - - [31/Oct/2024:14:28:41 +0500] "POST /transfer-process.php HTTP/1.0" 200 522 "http://bcckz.ru/transfer.php" "Mozilla/5.0 (Linux; Android 11; SM-A705FN Build/RP1A.200720.012; wv) AppleWebKit/537.36 (KHTML, like Gecko) Version/4.0 Chrome/130.0.6723.60 Mobile Safari/537.36 median"
79.133.185.178 - - [31/Oct/2024:14:28:43 +0500] "GET /main.php HTTP/1.0" 200 6765 "http://bcckz.ru/transfer-process.php" "Mozilla/5.0 (Linux; Android 11; SM-A705FN Build/RP1A.200720.012; wv) AppleWebKit/537.36 (KHTML, like Gecko) Version/4.0 Chrome/130.0.6723.60 Mobile Safari/537.36 median"
79.133.185.122 - - [31/Oct/2024:14:28:43 +0500] "GET /main.php HTTP/1.0" 200 6766 "http://bcckz.ru/main.php" "Mozilla/5.0 (Linux; Android 14; SM-A235F Build/UP1A.231005.007; wv) AppleWebKit/537.36 (KHTML, like Gecko) Version/4.0 Chrome/130.0.6723.58 Mobile Safari/537.36 median"
79.133.185.178 - - [31/Oct/2024:14:28:48 +0500] "GET /add_balance.php HTTP/1.0" 200 4732 "http://bcckz.ru/main.php" "Mozilla/5.0 (Linux; Android 11; SM-A705FN Build/RP1A.200720.012; wv) AppleWebKit/537.36 (KHTML, like Gecko) Version/4.0 Chrome/130.0.6723.60 Mobile Safari/537.36 median"
79.133.185.122 - - [31/Oct/2024:14:28:56 +0500] "GET /img/show_password_eye.svg HTTP/1.0" 200 1280 "http://bcckz.ru/main.php" "Mozilla/5.0 (Linux; Android 14; SM-A235F Build/UP1A.231005.007; wv) AppleWebKit/537.36 (KHTML, like Gecko) Version/4.0 Chrome/130.0.6723.58 Mobile Safari/537.36 median"
79.133.189.119 - - [31/Oct/2024:14:28:59 +0500] "GET /img/show_password_eye.svg HTTP/1.0" 200 1280 "http://bcckz.ru/main.php" "Mozilla/5.0 (Linux; Android 14; 22120RN86G Build/UP1A.231005.007; wv) AppleWebKit/537.36 (KHTML, like Gecko) Version/4.0 Chrome/130.0.6723.58 Mobile Safari/537.36 median"
79.133.185.178 - - [31/Oct/2024:14:28:59 +0500] "POST /add_balance.php HTTP/1.0" 200 6320 "http://bcckz.ru/add_balance.php" "Mozilla/5.0 (Linux; Android 11; SM-A705FN Build/RP1A.200720.012; wv) AppleWebKit/537.36 (KHTML, like Gecko) Version/4.0 Chrome/130.0.6723.60 Mobile Safari/537.36 median"
79.133.185.178 - - [31/Oct/2024:14:29:01 +0500] "GET /main.php HTTP/1.0" 200 6766 "http://bcckz.ru/add_balance.php" "Mozilla/5.0 (Linux; Android 11; SM-A705FN Build/RP1A.200720.012; wv) AppleWebKit/537.36 (KHTML, like Gecko) Version/4.0 Chrome/130.0.6723.60 Mobile Safari/537.36 median"
79.133.185.122 - - [31/Oct/2024:14:29:02 +0500] "GET /credits.php HTTP/1.0" 200 5536 "http://bcckz.ru/main.php" "Mozilla/5.0 (Linux; Android 14; SM-A235F Build/UP1A.231005.007; wv) AppleWebKit/537.36 (KHTML, like Gecko) Version/4.0 Chrome/130.0.6723.58 Mobile Safari/537.36 median"
79.133.185.122 - - [31/Oct/2024:14:29:02 +0500] "GET /css/custom/credits.css HTTP/1.0" 200 231 "http://bcckz.ru/credits.php" "Mozilla/5.0 (Linux; Android 14; SM-A235F Build/UP1A.231005.007; wv) AppleWebKit/537.36 (KHTML, like Gecko) Version/4.0 Chrome/130.0.6723.58 Mobile Safari/537.36 median"
79.133.185.178 - - [31/Oct/2024:14:29:02 +0500] "GET /add_balance.php HTTP/1.0" 200 4732 "http://bcckz.ru/main.php" "Mozilla/5.0 (Linux; Android 11; SM-A705FN Build/RP1A.200720.012; wv) AppleWebKit/537.36 (KHTML, like Gecko) Version/4.0 Chrome/130.0.6723.60 Mobile Safari/537.36 median"
79.133.185.178 - - [31/Oct/2024:14:29:10 +0500] "POST /add_balance.php HTTP/1.0" 200 6320 "http://bcckz.ru/add_balance.php" "Mozilla/5.0 (Linux; Android 11; SM-A705FN Build/RP1A.200720.012; wv) AppleWebKit/537.36 (KHTML, like Gecko) Version/4.0 Chrome/130.0.6723.60 Mobile Safari/537.36 median"
79.133.185.178 - - [31/Oct/2024:14:29:13 +0500] "GET /main.php HTTP/1.0" 200 6766 "http://bcckz.ru/add_balance.php" "Mozilla/5.0 (Linux; Android 11; SM-A705FN Build/RP1A.200720.012; wv) AppleWebKit/537.36 (KHTML, like Gecko) Version/4.0 Chrome/130.0.6723.60 Mobile Safari/537.36 median"
79.133.185.178 - - [31/Oct/2024:14:29:14 +0500] "GET /add_balance.php HTTP/1.0" 200 4732 "http://bcckz.ru/main.php" "Mozilla/5.0 (Linux; Android 11; SM-A705FN Build/RP1A.200720.012; wv) AppleWebKit/537.36 (KHTML, like Gecko) Version/4.0 Chrome/130.0.6723.60 Mobile Safari/537.36 median"
79.133.185.178 - - [31/Oct/2024:14:29:24 +0500] "POST /add_balance.php HTTP/1.0" 200 6320 "http://bcckz.ru/add_balance.php" "Mozilla/5.0 (Linux; Android 11; SM-A705FN Build/RP1A.200720.012; wv) AppleWebKit/537.36 (KHTML, like Gecko) Version/4.0 Chrome/130.0.6723.60 Mobile Safari/537.36 median"
79.133.185.178 - - [31/Oct/2024:14:29:26 +0500] "GET /main.php HTTP/1.0" 200 6766 "http://bcckz.ru/add_balance.php" "Mozilla/5.0 (Linux; Android 11; SM-A705FN Build/RP1A.200720.012; wv) AppleWebKit/537.36 (KHTML, like Gecko) Version/4.0 Chrome/130.0.6723.60 Mobile Safari/537.36 median"
79.133.185.178 - - [31/Oct/2024:14:29:27 +0500] "GET /credits.php HTTP/1.0" 200 5536 "http://bcckz.ru/main.php" "Mozilla/5.0 (Linux; Android 11; SM-A705FN Build/RP1A.200720.012; wv) AppleWebKit/537.36 (KHTML, like Gecko) Version/4.0 Chrome/130.0.6723.60 Mobile Safari/537.36 median"
79.133.185.122 - - [31/Oct/2024:14:29:30 +0500] "POST /credits.php HTTP/1.0" 200 336 "http://bcckz.ru/credits.php" "Mozilla/5.0 (Linux; Android 14; SM-A235F Build/UP1A.231005.007; wv) AppleWebKit/537.36 (KHTML, like Gecko) Version/4.0 Chrome/130.0.6723.58 Mobile Safari/537.36 median"
79.133.185.122 - - [31/Oct/2024:14:29:44 +0500] "GET /credits.php HTTP/1.0" 200 5536 "http://bcckz.ru/main.php" "Mozilla/5.0 (Linux; Android 14; SM-A235F Build/UP1A.231005.007; wv) AppleWebKit/537.36 (KHTML, like Gecko) Version/4.0 Chrome/130.0.6723.58 Mobile Safari/537.36 median"
79.133.185.122 - - [31/Oct/2024:14:29:46 +0500] "POST /credits.php HTTP/1.0" 200 336 "http://bcckz.ru/credits.php" "Mozilla/5.0 (Linux; Android 14; SM-A235F Build/UP1A.231005.007; wv) AppleWebKit/537.36 (KHTML, like Gecko) Version/4.0 Chrome/130.0.6723.58 Mobile Safari/537.36 median"
79.133.185.178 - - [31/Oct/2024:14:30:04 +0500] "POST /credits.php HTTP/1.0" 200 336 "http://bcckz.ru/credits.php" "Mozilla/5.0 (Linux; Android 11; SM-A705FN Build/RP1A.200720.012; wv) AppleWebKit/537.36 (KHTML, like Gecko) Version/4.0 Chrome/130.0.6723.60 Mobile Safari/537.36 median"
79.133.185.178 - - [31/Oct/2024:14:30:09 +0500] "GET /credits.php HTTP/1.0" 200 5536 "http://bcckz.ru/main.php" "Mozilla/5.0 (Linux; Android 11; SM-A705FN Build/RP1A.200720.012; wv) AppleWebKit/537.36 (KHTML, like Gecko) Version/4.0 Chrome/130.0.6723.60 Mobile Safari/537.36 median"
79.133.185.178 - - [31/Oct/2024:14:30:10 +0500] "GET /main.php HTTP/1.0" 200 6766 "http://bcckz.ru/add_balance.php" "Mozilla/5.0 (Linux; Android 11; SM-A705FN Build/RP1A.200720.012; wv) AppleWebKit/537.36 (KHTML, like Gecko) Version/4.0 Chrome/130.0.6723.60 Mobile Safari/537.36 median"
79.133.185.178 - - [31/Oct/2024:14:30:11 +0500] "GET /prof.php HTTP/1.0" 200 3889 "http://bcckz.ru/main.php" "Mozilla/5.0 (Linux; Android 11; SM-A705FN Build/RP1A.200720.012; wv) AppleWebKit/537.36 (KHTML, like Gecko) Version/4.0 Chrome/130.0.6723.60 Mobile Safari/537.36 median"
79.133.189.119 - - [31/Oct/2024:14:30:12 +0500] "GET /transfer.php HTTP/1.0" 200 17520 "http://bcckz.ru/main.php" "Mozilla/5.0 (Linux; Android 14; 22120RN86G Build/UP1A.231005.007; wv) AppleWebKit/537.36 (KHTML, like Gecko) Version/4.0 Chrome/130.0.6723.58 Mobile Safari/537.36 median"
79.133.185.178 - - [31/Oct/2024:14:30:13 +0500] "GET /main.php HTTP/1.0" 200 6766 "http://bcckz.ru/add_balance.php" "Mozilla/5.0 (Linux; Android 11; SM-A705FN Build/RP1A.200720.012; wv) AppleWebKit/537.36 (KHTML, like Gecko) Version/4.0 Chrome/130.0.6723.60 Mobile Safari/537.36 median"
79.133.185.178 - - [31/Oct/2024:14:30:15 +0500] "GET /transfer.php HTTP/1.0" 200 17543 "http://bcckz.ru/main.php" "Mozilla/5.0 (Linux; Android 11; SM-A705FN Build/RP1A.200720.012; wv) AppleWebKit/537.36 (KHTML, like Gecko) Version/4.0 Chrome/130.0.6723.60 Mobile Safari/537.36 median"
79.133.189.119 - - [31/Oct/2024:14:30:20 +0500] "GET /main.php HTTP/1.0" 200 6766 "-" "Mozilla/5.0 (Linux; Android 14; 22120RN86G Build/UP1A.231005.007; wv) AppleWebKit/537.36 (KHTML, like Gecko) Version/4.0 Chrome/130.0.6723.58 Mobile Safari/537.36 median"
79.133.189.119 - - [31/Oct/2024:14:30:20 +0500] "GET /add_balance.php HTTP/1.0" 200 4732 "http://bcckz.ru/main.php" "Mozilla/5.0 (Linux; Android 14; 22120RN86G Build/UP1A.231005.007; wv) AppleWebKit/537.36 (KHTML, like Gecko) Version/4.0 Chrome/130.0.6723.58 Mobile Safari/537.36 median"
79.133.185.178 - - [31/Oct/2024:14:30:21 +0500] "POST /getReceiverName.php HTTP/1.0" 200 234 "http://bcckz.ru/transfer.php" "Mozilla/5.0 (Linux; Android 11; SM-A705FN Build/RP1A.200720.012; wv) AppleWebKit/537.36 (KHTML, like Gecko) Version/4.0 Chrome/130.0.6723.60 Mobile Safari/537.36 median"
79.133.189.119 - - [31/Oct/2024:14:30:22 +0500] "GET /main.php HTTP/1.0" 200 6766 "-" "Mozilla/5.0 (Linux; Android 14; 22120RN86G Build/UP1A.231005.007; wv) AppleWebKit/537.36 (KHTML, like Gecko) Version/4.0 Chrome/130.0.6723.58 Mobile Safari/537.36 median"
79.133.189.119 - - [31/Oct/2024:14:30:22 +0500] "GET /credits.php HTTP/1.0" 200 5536 "http://bcckz.ru/main.php" "Mozilla/5.0 (Linux; Android 14; 22120RN86G Build/UP1A.231005.007; wv) AppleWebKit/537.36 (KHTML, like Gecko) Version/4.0 Chrome/130.0.6723.58 Mobile Safari/537.36 median"
79.133.189.119 - - [31/Oct/2024:14:30:23 +0500] "GET /main.php HTTP/1.0" 200 6766 "-" "Mozilla/5.0 (Linux; Android 14; 22120RN86G Build/UP1A.231005.007; wv) AppleWebKit/537.36 (KHTML, like Gecko) Version/4.0 Chrome/130.0.6723.58 Mobile Safari/537.36 median"
79.133.185.178 - - [31/Oct/2024:14:30:30 +0500] "POST /transfer-process.php HTTP/1.0" 200 522 "http://bcckz.ru/transfer.php" "Mozilla/5.0 (Linux; Android 11; SM-A705FN Build/RP1A.200720.012; wv) AppleWebKit/537.36 (KHTML, like Gecko) Version/4.0 Chrome/130.0.6723.60 Mobile Safari/537.36 median"
79.133.185.178 - - [31/Oct/2024:14:30:32 +0500] "GET /main.php HTTP/1.0" 200 6766 "http://bcckz.ru/transfer-process.php" "Mozilla/5.0 (Linux; Android 11; SM-A705FN Build/RP1A.200720.012; wv) AppleWebKit/537.36 (KHTML, like Gecko) Version/4.0 Chrome/130.0.6723.60 Mobile Safari/537.36 median"
79.133.189.119 - - [31/Oct/2024:14:30:35 +0500] "GET /add_balance.php HTTP/1.0" 200 4732 "http://bcckz.ru/main.php" "Mozilla/5.0 (Linux; Android 14; 22120RN86G Build/UP1A.231005.007; wv) AppleWebKit/537.36 (KHTML, like Gecko) Version/4.0 Chrome/130.0.6723.58 Mobile Safari/537.36 median"
79.133.185.122 - - [31/Oct/2024:14:30:36 +0500] "GET /credits.php HTTP/1.0" 200 5536 "http://bcckz.ru/main.php" "Mozilla/5.0 (Linux; Android 14; SM-A235F Build/UP1A.231005.007; wv) AppleWebKit/537.36 (KHTML, like Gecko) Version/4.0 Chrome/130.0.6723.58 Mobile Safari/537.36 median"
79.133.185.122 - - [31/Oct/2024:14:30:37 +0500] "GET /main.php HTTP/1.0" 200 6767 "http://bcckz.ru/credits.php" "Mozilla/5.0 (Linux; Android 14; SM-A235F Build/UP1A.231005.007; wv) AppleWebKit/537.36 (KHTML, like Gecko) Version/4.0 Chrome/130.0.6723.58 Mobile Safari/537.36 median"
79.133.185.122 - - [31/Oct/2024:14:30:42 +0500] "GET /main.php HTTP/1.0" 200 6767 "http://bcckz.ru/main.php" "Mozilla/5.0 (Linux; Android 14; SM-A235F Build/UP1A.231005.007; wv) AppleWebKit/537.36 (KHTML, like Gecko) Version/4.0 Chrome/130.0.6723.58 Mobile Safari/537.36 median"
79.133.185.178 - - [31/Oct/2024:14:30:44 +0500] "GET /transfer.php HTTP/1.0" 200 17543 "http://bcckz.ru/main.php" "Mozilla/5.0 (Linux; Android 11; SM-A705FN Build/RP1A.200720.012; wv) AppleWebKit/537.36 (KHTML, like Gecko) Version/4.0 Chrome/130.0.6723.60 Mobile Safari/537.36 median"
79.133.189.119 - - [31/Oct/2024:14:30:58 +0500] "GET /main.php HTTP/1.0" 200 6766 "-" "Mozilla/5.0 (Linux; Android 14; 22120RN86G Build/UP1A.231005.007; wv) AppleWebKit/537.36 (KHTML, like Gecko) Version/4.0 Chrome/130.0.6723.58 Mobile Safari/537.36 median"
79.133.185.178 - - [31/Oct/2024:14:31:09 +0500] "POST /getReceiverName.php HTTP/1.0" 200 192 "http://bcckz.ru/transfer.php" "Mozilla/5.0 (Linux; Android 11; SM-A705FN Build/RP1A.200720.012; wv) AppleWebKit/537.36 (KHTML, like Gecko) Version/4.0 Chrome/130.0.6723.60 Mobile Safari/537.36 median"
79.133.189.119 - - [31/Oct/2024:14:31:13 +0500] "GET /main.php HTTP/1.0" 200 6766 "http://bcckz.ru/main.php" "Mozilla/5.0 (Linux; Android 14; 22120RN86G Build/UP1A.231005.007; wv) AppleWebKit/537.36 (KHTML, like Gecko) Version/4.0 Chrome/130.0.6723.58 Mobile Safari/537.36 median"
79.133.185.178 - - [31/Oct/2024:14:31:15 +0500] "POST /transfer-process.php HTTP/1.0" 200 522 "http://bcckz.ru/transfer.php" "Mozilla/5.0 (Linux; Android 11; SM-A705FN Build/RP1A.200720.012; wv) AppleWebKit/537.36 (KHTML, like Gecko) Version/4.0 Chrome/130.0.6723.60 Mobile Safari/537.36 median"
79.133.189.119 - - [31/Oct/2024:14:31:15 +0500] "GET /main.php HTTP/1.0" 200 6767 "http://bcckz.ru/main.php" "Mozilla/5.0 (Linux; Android 14; 22120RN86G Build/UP1A.231005.007; wv) AppleWebKit/537.36 (KHTML, like Gecko) Version/4.0 Chrome/130.0.6723.58 Mobile Safari/537.36 median"
79.133.185.178 - - [31/Oct/2024:14:31:17 +0500] "GET /main.php HTTP/1.0" 200 6765 "http://bcckz.ru/transfer-process.php" "Mozilla/5.0 (Linux; Android 11; SM-A705FN Build/RP1A.200720.012; wv) AppleWebKit/537.36 (KHTML, like Gecko) Version/4.0 Chrome/130.0.6723.60 Mobile Safari/537.36 median"
79.133.185.122 - - [31/Oct/2024:14:31:17 +0500] "GET /main.php HTTP/1.0" 200 6767 "http://bcckz.ru/main.php" "Mozilla/5.0 (Linux; Android 14; SM-A235F Build/UP1A.231005.007; wv) AppleWebKit/537.36 (KHTML, like Gecko) Version/4.0 Chrome/130.0.6723.58 Mobile Safari/537.36 median"
79.133.189.119 - - [31/Oct/2024:14:31:25 +0500] "GET /add_balance.php HTTP/1.0" 200 4732 "http://bcckz.ru/main.php" "Mozilla/5.0 (Linux; Android 14; 22120RN86G Build/UP1A.231005.007; wv) AppleWebKit/537.36 (KHTML, like Gecko) Version/4.0 Chrome/130.0.6723.58 Mobile Safari/537.36 median"
79.133.189.119 - - [31/Oct/2024:14:31:28 +0500] "GET /main.php HTTP/1.0" 200 6767 "http://bcckz.ru/main.php" "Mozilla/5.0 (Linux; Android 14; 22120RN86G Build/UP1A.231005.007; wv) AppleWebKit/537.36 (KHTML, like Gecko) Version/4.0 Chrome/130.0.6723.58 Mobile Safari/537.36 median"
79.133.189.119 - - [31/Oct/2024:14:31:42 +0500] "GET /main.php HTTP/1.0" 200 6767 "-" "Mozilla/5.0 (Linux; Android 14; 22120RN86G Build/UP1A.231005.007; wv) AppleWebKit/537.36 (KHTML, like Gecko) Version/4.0 Chrome/130.0.6723.58 Mobile Safari/537.36 median"
79.133.189.119 - - [31/Oct/2024:14:31:42 +0500] "GET /favicon.ico HTTP/1.0" 404 1062 "http://bcckz.ru/main.php" "Mozilla/5.0 (Linux; Android 14; 22120RN86G Build/UP1A.231005.007; wv) AppleWebKit/537.36 (KHTML, like Gecko) Version/4.0 Chrome/130.0.6723.58 Mobile Safari/537.36 median"
79.133.185.178 - - [31/Oct/2024:14:31:48 +0500] "GET /transfer.php HTTP/1.0" 200 17542 "http://bcckz.ru/main.php" "Mozilla/5.0 (Linux; Android 11; SM-A705FN Build/RP1A.200720.012; wv) AppleWebKit/537.36 (KHTML, like Gecko) Version/4.0 Chrome/130.0.6723.60 Mobile Safari/537.36 median"
79.133.185.178 - - [31/Oct/2024:14:31:49 +0500] "GET /main.php HTTP/1.0" 200 6765 "http://bcckz.ru/transfer-process.php" "Mozilla/5.0 (Linux; Android 11; SM-A705FN Build/RP1A.200720.012; wv) AppleWebKit/537.36 (KHTML, like Gecko) Version/4.0 Chrome/130.0.6723.60 Mobile Safari/537.36 median"
79.133.185.178 - - [31/Oct/2024:14:33:09 +0500] "GET /credits.php HTTP/1.0" 200 5536 "http://bcckz.ru/main.php" "Mozilla/5.0 (Linux; Android 11; SM-A705FN Build/RP1A.200720.012; wv) AppleWebKit/537.36 (KHTML, like Gecko) Version/4.0 Chrome/130.0.6723.60 Mobile Safari/537.36 median"
79.133.185.122 - - [31/Oct/2024:14:33:11 +0500] "GET /main.php HTTP/1.0" 200 6767 "http://bcckz.ru/main.php" "Mozilla/5.0 (Linux; Android 14; SM-A235F Build/UP1A.231005.007; wv) AppleWebKit/537.36 (KHTML, like Gecko) Version/4.0 Chrome/130.0.6723.58 Mobile Safari/537.36 median"
79.133.185.178 - - [31/Oct/2024:14:33:21 +0500] "POST /credits.php HTTP/1.0" 200 336 "http://bcckz.ru/credits.php" "Mozilla/5.0 (Linux; Android 11; SM-A705FN Build/RP1A.200720.012; wv) AppleWebKit/537.36 (KHTML, like Gecko) Version/4.0 Chrome/130.0.6723.60 Mobile Safari/537.36 median"
79.133.185.122 - - [31/Oct/2024:14:33:22 +0500] "GET /main.php HTTP/1.0" 200 6767 "http://bcckz.ru/main.php" "Mozilla/5.0 (Linux; Android 14; SM-A235F Build/UP1A.231005.007; wv) AppleWebKit/537.36 (KHTML, like Gecko) Version/4.0 Chrome/130.0.6723.58 Mobile Safari/537.36 median"
79.133.185.178 - - [31/Oct/2024:14:33:22 +0500] "GET /credits.php HTTP/1.0" 200 5536 "http://bcckz.ru/main.php" "Mozilla/5.0 (Linux; Android 11; SM-A705FN Build/RP1A.200720.012; wv) AppleWebKit/537.36 (KHTML, like Gecko) Version/4.0 Chrome/130.0.6723.60 Mobile Safari/537.36 median"
79.133.185.178 - - [31/Oct/2024:14:33:24 +0500] "POST /credits.php HTTP/1.0" 200 336 "http://bcckz.ru/credits.php" "Mozilla/5.0 (Linux; Android 11; SM-A705FN Build/RP1A.200720.012; wv) AppleWebKit/537.36 (KHTML, like Gecko) Version/4.0 Chrome/130.0.6723.60 Mobile Safari/537.36 median"
79.133.185.178 - - [31/Oct/2024:14:33:25 +0500] "GET /credits.php HTTP/1.0" 200 5536 "http://bcckz.ru/main.php" "Mozilla/5.0 (Linux; Android 11; SM-A705FN Build/RP1A.200720.012; wv) AppleWebKit/537.36 (KHTML, like Gecko) Version/4.0 Chrome/130.0.6723.60 Mobile Safari/537.36 median"
79.133.185.178 - - [31/Oct/2024:14:33:32 +0500] "POST /credits.php HTTP/1.0" 200 336 "http://bcckz.ru/credits.php" "Mozilla/5.0 (Linux; Android 11; SM-A705FN Build/RP1A.200720.012; wv) AppleWebKit/537.36 (KHTML, like Gecko) Version/4.0 Chrome/130.0.6723.60 Mobile Safari/537.36 median"
79.133.185.122 - - [31/Oct/2024:14:33:33 +0500] "GET /transfer.php HTTP/1.0" 200 17531 "http://bcckz.ru/main.php" "Mozilla/5.0 (Linux; Android 14; SM-A235F Build/UP1A.231005.007; wv) AppleWebKit/537.36 (KHTML, like Gecko) Version/4.0 Chrome/130.0.6723.58 Mobile Safari/537.36 median"
79.133.185.122 - - [31/Oct/2024:14:33:33 +0500] "GET /css/custom/transfer.css HTTP/1.0" 200 232 "http://bcckz.ru/transfer.php" "Mozilla/5.0 (Linux; Android 14; SM-A235F Build/UP1A.231005.007; wv) AppleWebKit/537.36 (KHTML, like Gecko) Version/4.0 Chrome/130.0.6723.58 Mobile Safari/537.36 median"
79.133.185.122 - - [31/Oct/2024:14:33:39 +0500] "GET /main.php HTTP/1.0" 200 6767 "http://bcckz.ru/main.php" "Mozilla/5.0 (Linux; Android 14; SM-A235F Build/UP1A.231005.007; wv) AppleWebKit/537.36 (KHTML, like Gecko) Version/4.0 Chrome/130.0.6723.58 Mobile Safari/537.36 median"
79.133.185.122 - - [31/Oct/2024:14:33:40 +0500] "GET /add_balance.php HTTP/1.0" 200 4732 "http://bcckz.ru/main.php" "Mozilla/5.0 (Linux; Android 14; SM-A235F Build/UP1A.231005.007; wv) AppleWebKit/537.36 (KHTML, like Gecko) Version/4.0 Chrome/130.0.6723.58 Mobile Safari/537.36 median"
79.133.185.122 - - [31/Oct/2024:14:33:43 +0500] "GET /main.php HTTP/1.0" 200 6767 "http://bcckz.ru/main.php" "Mozilla/5.0 (Linux; Android 14; SM-A235F Build/UP1A.231005.007; wv) AppleWebKit/537.36 (KHTML, like Gecko) Version/4.0 Chrome/130.0.6723.58 Mobile Safari/537.36 median"
79.133.185.122 - - [31/Oct/2024:14:33:44 +0500] "GET /credits.php HTTP/1.0" 200 5536 "http://bcckz.ru/main.php" "Mozilla/5.0 (Linux; Android 14; SM-A235F Build/UP1A.231005.007; wv) AppleWebKit/537.36 (KHTML, like Gecko) Version/4.0 Chrome/130.0.6723.58 Mobile Safari/537.36 median"
79.133.185.122 - - [31/Oct/2024:14:33:45 +0500] "GET /main.php HTTP/1.0" 200 6767 "http://bcckz.ru/main.php" "Mozilla/5.0 (Linux; Android 14; SM-A235F Build/UP1A.231005.007; wv) AppleWebKit/537.36 (KHTML, like Gecko) Version/4.0 Chrome/130.0.6723.58 Mobile Safari/537.36 median"
79.133.185.178 - - [31/Oct/2024:14:33:46 +0500] "GET /credits.php HTTP/1.0" 200 5536 "http://bcckz.ru/main.php" "Mozilla/5.0 (Linux; Android 11; SM-A705FN Build/RP1A.200720.012; wv) AppleWebKit/537.36 (KHTML, like Gecko) Version/4.0 Chrome/130.0.6723.60 Mobile Safari/537.36 median"
79.133.185.122 - - [31/Oct/2024:14:33:46 +0500] "GET /prof.php HTTP/1.0" 200 3877 "http://bcckz.ru/main.php" "Mozilla/5.0 (Linux; Android 14; SM-A235F Build/UP1A.231005.007; wv) AppleWebKit/537.36 (KHTML, like Gecko) Version/4.0 Chrome/130.0.6723.58 Mobile Safari/537.36 median"
79.133.185.122 - - [31/Oct/2024:14:33:47 +0500] "GET /main.php HTTP/1.0" 200 6767 "http://bcckz.ru/main.php" "Mozilla/5.0 (Linux; Android 14; SM-A235F Build/UP1A.231005.007; wv) AppleWebKit/537.36 (KHTML, like Gecko) Version/4.0 Chrome/130.0.6723.58 Mobile Safari/537.36 median"
79.133.185.178 - - [31/Oct/2024:14:33:49 +0500] "GET /main.php HTTP/1.0" 200 6765 "http://bcckz.ru/transfer-process.php" "Mozilla/5.0 (Linux; Android 11; SM-A705FN Build/RP1A.200720.012; wv) AppleWebKit/537.36 (KHTML, like Gecko) Version/4.0 Chrome/130.0.6723.60 Mobile Safari/537.36 median"
79.133.185.178 - - [31/Oct/2024:14:33:50 +0500] "GET /add_balance.php HTTP/1.0" 200 4732 "http://bcckz.ru/main.php" "Mozilla/5.0 (Linux; Android 11; SM-A705FN Build/RP1A.200720.012; wv) AppleWebKit/537.36 (KHTML, like Gecko) Version/4.0 Chrome/130.0.6723.60 Mobile Safari/537.36 median"
79.133.185.178 - - [31/Oct/2024:14:34:04 +0500] "POST /add_balance.php HTTP/1.0" 200 6320 "http://bcckz.ru/add_balance.php" "Mozilla/5.0 (Linux; Android 11; SM-A705FN Build/RP1A.200720.012; wv) AppleWebKit/537.36 (KHTML, like Gecko) Version/4.0 Chrome/130.0.6723.60 Mobile Safari/537.36 median"
79.133.185.178 - - [31/Oct/2024:14:34:07 +0500] "GET /main.php HTTP/1.0" 200 6766 "http://bcckz.ru/add_balance.php" "Mozilla/5.0 (Linux; Android 11; SM-A705FN Build/RP1A.200720.012; wv) AppleWebKit/537.36 (KHTML, like Gecko) Version/4.0 Chrome/130.0.6723.60 Mobile Safari/537.36 median"
79.133.185.178 - - [31/Oct/2024:14:34:08 +0500] "GET /add_balance.php HTTP/1.0" 200 4732 "http://bcckz.ru/main.php" "Mozilla/5.0 (Linux; Android 11; SM-A705FN Build/RP1A.200720.012; wv) AppleWebKit/537.36 (KHTML, like Gecko) Version/4.0 Chrome/130.0.6723.60 Mobile Safari/537.36 median"
79.133.185.178 - - [31/Oct/2024:14:34:15 +0500] "POST /add_balance.php HTTP/1.0" 200 6320 "http://bcckz.ru/add_balance.php" "Mozilla/5.0 (Linux; Android 11; SM-A705FN Build/RP1A.200720.012; wv) AppleWebKit/537.36 (KHTML, like Gecko) Version/4.0 Chrome/130.0.6723.60 Mobile Safari/537.36 median"
79.133.185.178 - - [31/Oct/2024:14:34:17 +0500] "GET /main.php HTTP/1.0" 200 6766 "http://bcckz.ru/add_balance.php" "Mozilla/5.0 (Linux; Android 11; SM-A705FN Build/RP1A.200720.012; wv) AppleWebKit/537.36 (KHTML, like Gecko) Version/4.0 Chrome/130.0.6723.60 Mobile Safari/537.36 median"
79.133.185.178 - - [31/Oct/2024:14:34:18 +0500] "GET /add_balance.php HTTP/1.0" 200 4732 "http://bcckz.ru/main.php" "Mozilla/5.0 (Linux; Android 11; SM-A705FN Build/RP1A.200720.012; wv) AppleWebKit/537.36 (KHTML, like Gecko) Version/4.0 Chrome/130.0.6723.60 Mobile Safari/537.36 median"
79.133.185.178 - - [31/Oct/2024:14:34:24 +0500] "POST /add_balance.php HTTP/1.0" 200 6320 "http://bcckz.ru/add_balance.php" "Mozilla/5.0 (Linux; Android 11; SM-A705FN Build/RP1A.200720.012; wv) AppleWebKit/537.36 (KHTML, like Gecko) Version/4.0 Chrome/130.0.6723.60 Mobile Safari/537.36 median"
79.133.185.178 - - [31/Oct/2024:14:34:26 +0500] "GET /main.php HTTP/1.0" 200 6766 "http://bcckz.ru/add_balance.php" "Mozilla/5.0 (Linux; Android 11; SM-A705FN Build/RP1A.200720.012; wv) AppleWebKit/537.36 (KHTML, like Gecko) Version/4.0 Chrome/130.0.6723.60 Mobile Safari/537.36 median"
79.133.185.178 - - [31/Oct/2024:14:34:28 +0500] "GET /add_balance.php HTTP/1.0" 200 4732 "http://bcckz.ru/main.php" "Mozilla/5.0 (Linux; Android 11; SM-A705FN Build/RP1A.200720.012; wv) AppleWebKit/537.36 (KHTML, like Gecko) Version/4.0 Chrome/130.0.6723.60 Mobile Safari/537.36 median"
79.133.185.178 - - [31/Oct/2024:14:34:36 +0500] "POST /add_balance.php HTTP/1.0" 200 6320 "http://bcckz.ru/add_balance.php" "Mozilla/5.0 (Linux; Android 11; SM-A705FN Build/RP1A.200720.012; wv) AppleWebKit/537.36 (KHTML, like Gecko) Version/4.0 Chrome/130.0.6723.60 Mobile Safari/537.36 median"
79.133.185.178 - - [31/Oct/2024:14:34:39 +0500] "GET /main.php HTTP/1.0" 200 6766 "http://bcckz.ru/add_balance.php" "Mozilla/5.0 (Linux; Android 11; SM-A705FN Build/RP1A.200720.012; wv) AppleWebKit/537.36 (KHTML, like Gecko) Version/4.0 Chrome/130.0.6723.60 Mobile Safari/537.36 median"
79.133.185.178 - - [31/Oct/2024:14:34:40 +0500] "GET /add_balance.php HTTP/1.0" 200 4732 "http://bcckz.ru/main.php" "Mozilla/5.0 (Linux; Android 11; SM-A705FN Build/RP1A.200720.012; wv) AppleWebKit/537.36 (KHTML, like Gecko) Version/4.0 Chrome/130.0.6723.60 Mobile Safari/537.36 median"
5.34.27.163 - - [31/Oct/2024:14:34:45 +0500] "GET /credits.php HTTP/1.0" 200 5536 "http://bcckz.ru/main.php" "Mozilla/5.0 (Linux; Android 13; Pixel 7) AppleWebKit/537.36 (KHTML, like Gecko) Chrome/116.0.0.0 Mobile Safari/537.36"
5.34.27.163 - - [31/Oct/2024:14:34:45 +0500] "GET /css/custom/credits.css HTTP/1.0" 200 231 "http://bcckz.ru/credits.php" "Mozilla/5.0 (Linux; Android 13; Pixel 7) AppleWebKit/537.36 (KHTML, like Gecko) Chrome/116.0.0.0 Mobile Safari/537.36"
79.133.185.178 - - [31/Oct/2024:14:34:46 +0500] "POST /add_balance.php HTTP/1.0" 200 6320 "http://bcckz.ru/add_balance.php" "Mozilla/5.0 (Linux; Android 11; SM-A705FN Build/RP1A.200720.012; wv) AppleWebKit/537.36 (KHTML, like Gecko) Version/4.0 Chrome/130.0.6723.60 Mobile Safari/537.36 median"
79.133.185.178 - - [31/Oct/2024:14:34:49 +0500] "GET /main.php HTTP/1.0" 200 6766 "http://bcckz.ru/add_balance.php" "Mozilla/5.0 (Linux; Android 11; SM-A705FN Build/RP1A.200720.012; wv) AppleWebKit/537.36 (KHTML, like Gecko) Version/4.0 Chrome/130.0.6723.60 Mobile Safari/537.36 median"
79.133.185.178 - - [31/Oct/2024:14:34:50 +0500] "GET /add_balance.php HTTP/1.0" 200 4732 "http://bcckz.ru/main.php" "Mozilla/5.0 (Linux; Android 11; SM-A705FN Build/RP1A.200720.012; wv) AppleWebKit/537.36 (KHTML, like Gecko) Version/4.0 Chrome/130.0.6723.60 Mobile Safari/537.36 median"
5.34.27.163 - - [31/Oct/2024:14:34:52 +0500] "GET /main.php HTTP/1.0" 200 6761 "http://bcckz.ru/login.php" "Mozilla/5.0 (Linux; Android 13; Pixel 7) AppleWebKit/537.36 (KHTML, like Gecko) Chrome/116.0.0.0 Mobile Safari/537.36"
5.34.27.163 - - [31/Oct/2024:14:34:53 +0500] "GET /prof.php HTTP/1.0" 200 3866 "http://bcckz.ru/main.php" "Mozilla/5.0 (Linux; Android 13; Pixel 7) AppleWebKit/537.36 (KHTML, like Gecko) Chrome/116.0.0.0 Mobile Safari/537.36"
79.133.185.178 - - [31/Oct/2024:14:34:57 +0500] "POST /add_balance.php HTTP/1.0" 200 6320 "http://bcckz.ru/add_balance.php" "Mozilla/5.0 (Linux; Android 11; SM-A705FN Build/RP1A.200720.012; wv) AppleWebKit/537.36 (KHTML, like Gecko) Version/4.0 Chrome/130.0.6723.60 Mobile Safari/537.36 median"
5.34.27.163 - - [31/Oct/2024:14:34:58 +0500] "GET /main.php HTTP/1.0" 200 6761 "http://bcckz.ru/login.php" "Mozilla/5.0 (Linux; Android 13; Pixel 7) AppleWebKit/537.36 (KHTML, like Gecko) Chrome/116.0.0.0 Mobile Safari/537.36"
5.34.27.163 - - [31/Oct/2024:14:34:59 +0500] "GET /transfer.php HTTP/1.0" 200 17525 "http://bcckz.ru/main.php" "Mozilla/5.0 (Linux; Android 13; Pixel 7) AppleWebKit/537.36 (KHTML, like Gecko) Chrome/116.0.0.0 Mobile Safari/537.36"
5.34.27.163 - - [31/Oct/2024:14:34:59 +0500] "GET /css/custom/transfer.css HTTP/1.0" 200 232 "http://bcckz.ru/transfer.php" "Mozilla/5.0 (Linux; Android 13; Pixel 7) AppleWebKit/537.36 (KHTML, like Gecko) Chrome/116.0.0.0 Mobile Safari/537.36"
79.133.185.178 - - [31/Oct/2024:14:35:00 +0500] "GET /main.php HTTP/1.0" 200 6766 "http://bcckz.ru/add_balance.php" "Mozilla/5.0 (Linux; Android 11; SM-A705FN Build/RP1A.200720.012; wv) AppleWebKit/537.36 (KHTML, like Gecko) Version/4.0 Chrome/130.0.6723.60 Mobile Safari/537.36 median"
79.133.185.178 - - [31/Oct/2024:14:35:01 +0500] "GET /add_balance.php HTTP/1.0" 200 4732 "http://bcckz.ru/main.php" "Mozilla/5.0 (Linux; Android 11; SM-A705FN Build/RP1A.200720.012; wv) AppleWebKit/537.36 (KHTML, like Gecko) Version/4.0 Chrome/130.0.6723.60 Mobile Safari/537.36 median"
5.34.27.163 - - [31/Oct/2024:14:35:01 +0500] "GET /main.php HTTP/1.0" 200 6761 "http://bcckz.ru/login.php" "Mozilla/5.0 (Linux; Android 13; Pixel 7) AppleWebKit/537.36 (KHTML, like Gecko) Chrome/116.0.0.0 Mobile Safari/537.36"
5.34.27.163 - - [31/Oct/2024:14:35:02 +0500] "GET /add_balance.php HTTP/1.0" 200 4732 "http://bcckz.ru/main.php" "Mozilla/5.0 (Linux; Android 13; Pixel 7) AppleWebKit/537.36 (KHTML, like Gecko) Chrome/116.0.0.0 Mobile Safari/537.36"
5.34.27.163 - - [31/Oct/2024:14:35:03 +0500] "GET /main.php HTTP/1.0" 200 6761 "http://bcckz.ru/login.php" "Mozilla/5.0 (Linux; Android 13; Pixel 7) AppleWebKit/537.36 (KHTML, like Gecko) Chrome/116.0.0.0 Mobile Safari/537.36"
79.133.185.178 - - [31/Oct/2024:14:35:08 +0500] "POST /add_balance.php HTTP/1.0" 200 6320 "http://bcckz.ru/add_balance.php" "Mozilla/5.0 (Linux; Android 11; SM-A705FN Build/RP1A.200720.012; wv) AppleWebKit/537.36 (KHTML, like Gecko) Version/4.0 Chrome/130.0.6723.60 Mobile Safari/537.36 median"
79.133.185.178 - - [31/Oct/2024:14:35:10 +0500] "GET /main.php HTTP/1.0" 200 6766 "http://bcckz.ru/add_balance.php" "Mozilla/5.0 (Linux; Android 11; SM-A705FN Build/RP1A.200720.012; wv) AppleWebKit/537.36 (KHTML, like Gecko) Version/4.0 Chrome/130.0.6723.60 Mobile Safari/537.36 median"
79.133.185.178 - - [31/Oct/2024:14:35:12 +0500] "GET /add_balance.php HTTP/1.0" 200 4732 "http://bcckz.ru/main.php" "Mozilla/5.0 (Linux; Android 11; SM-A705FN Build/RP1A.200720.012; wv) AppleWebKit/537.36 (KHTML, like Gecko) Version/4.0 Chrome/130.0.6723.60 Mobile Safari/537.36 median"
79.133.185.178 - - [31/Oct/2024:14:35:22 +0500] "POST /add_balance.php HTTP/1.0" 200 6320 "http://bcckz.ru/add_balance.php" "Mozilla/5.0 (Linux; Android 11; SM-A705FN Build/RP1A.200720.012; wv) AppleWebKit/537.36 (KHTML, like Gecko) Version/4.0 Chrome/130.0.6723.60 Mobile Safari/537.36 median"
79.133.185.178 - - [31/Oct/2024:14:35:25 +0500] "GET /main.php HTTP/1.0" 200 6766 "http://bcckz.ru/add_balance.php" "Mozilla/5.0 (Linux; Android 11; SM-A705FN Build/RP1A.200720.012; wv) AppleWebKit/537.36 (KHTML, like Gecko) Version/4.0 Chrome/130.0.6723.60 Mobile Safari/537.36 median"
79.133.185.178 - - [31/Oct/2024:14:35:26 +0500] "GET /add_balance.php HTTP/1.0" 200 4732 "http://bcckz.ru/main.php" "Mozilla/5.0 (Linux; Android 11; SM-A705FN Build/RP1A.200720.012; wv) AppleWebKit/537.36 (KHTML, like Gecko) Version/4.0 Chrome/130.0.6723.60 Mobile Safari/537.36 median"
